[99272:13565138:0609/081107.473764:VERBOSE1:components/enterprise/browser/controller/chrome_browser_cloud_management_controller.cc:122] DM token = empty
[99272:13565138:0609/081107.474391:VERBOSE1:components/enterprise/browser/controller/chrome_browser_cloud_management_controller.cc:128] Enrollment token = 
[99272:13565138:0609/081107.474399:VERBOSE1:components/enterprise/browser/controller/chrome_browser_cloud_management_controller.cc:129] Client ID = K54G52PHGP
[99272:13565138:0609/081107.505602:VERBOSE1:components/variations/service/variations_field_trial_creator.cc:77] VariationsSeedUsage:0
[99272:13565138:0609/081107.511005:VERBOSE1:components/variations/service/variations_field_trial_creator.cc:743] CreateTrialsFromSeed complete with seed.version='20260608-170105.666000-production'
[99272:13565138:0609/081107.512126:VERBOSE1:components/variations/service/variations_field_trial_creator.cc:374] VariationsSetupComplete
[99272:13565138:0609/081107.557765:VERBOSE1:chrome/browser/media/webrtc/webrtc_event_log_manager.cc:126] WebRTC remote-bound event logging enabled.
[99272:13565138:0609/081107.586249:VERBOSE1:components/proxy_config/pref_proxy_config_tracker_impl.cc:462] 0x13c08d40000: set chrome proxy config service to 0x13c08eb0380
[99272:13565138:0609/081107.590466:VERBOSE1:chrome/updater/tag.cc:942] getxattr could not read com.apple.application-instance on /Applications/Google Chrome.app: Attribute not found (93)
[99272:13565202:0609/081107.648044:VERBOSE1:base/files/file_util_posix.cc:309] Cannot stat "/Users/sebastianlilliecreutz/Downloads/Home - Golfyr_files/chrome_profile_coords_fixed/Consent To Send Stats": No such file or directory (2)
[99272:13565138:0609/081107.663266:VERBOSE1:components/enterprise/browser/controller/chrome_browser_cloud_management_controller.cc:211] Starting CBCM Controller Initialization
[99272:13565138:0609/081107.663408:INFO:components/enterprise/browser/controller/chrome_browser_cloud_management_controller.cc:239] No machine level policy manager exists.
[99272:13565138:0609/081107.685585:VERBOSE1:chrome/browser/enterprise/platform_auth/platform_auth_policy_observer.cc:108] PlatformAuthProviderManager enabled: 0
[99272:13565138:0609/081107.689224:VERBOSE1:components/policy/core/common/cloud/user_cloud_policy_store.cc:130] [policy_type=google/chrome/user] Initiating immediate policy load from disk
[99272:13565138:0609/081107.689584:VERBOSE1:components/policy/core/common/cloud/user_cloud_policy_store.cc:233] [policy_type=google/chrome/user] No policy found on disk
[99272:13565138:0609/081107.689611:VERBOSE1:components/policy/core/common/cloud/user_cloud_policy_store.cc:130] [policy_type=google/extension-install-cloud-policy/chrome/user] Initiating immediate policy load from disk
[99272:13565138:0609/081107.689619:VERBOSE1:components/policy/core/common/cloud/user_cloud_policy_store.cc:233] [policy_type=google/extension-install-cloud-policy/chrome/user] No policy found on disk
[99278:13565212:0609/081107.696898:VERBOSE1:components/viz/service/main/viz_main_impl.cc:87] VizNullHypothesis is disabled (not a warning)
[99272:13565191:0609/081107.736134:VERBOSE1:base/files/file_util_posix.cc:309] Cannot stat "/Users/sebastianlilliecreutz/Downloads/Home - Golfyr_files/chrome_profile_coords_fixed/Default/Web Applications/Logs": No such file or directory (2)
[99272:13565138:0609/081107.738788:VERBOSE1:components/proxy_config/pref_proxy_config_tracker_impl.cc:462] 0x13c08d44100: set chrome proxy config service to 0x13c08eb5400
[99272:13565138:0609/081107.742243:VERBOSE1:components/signin/internal/identity_manager/mutable_profile_oauth2_token_service_delegate.cc:353] MutablePO2TS::MutablePO2TS
[99272:13565206:0609/081107.746643:VERBOSE1:base/files/file_util_posix.cc:309] Cannot stat "/Users/sebastianlilliecreutz/Downloads/Home - Golfyr_files/chrome_profile_coords_fixed/Default/Code Cache/pc": No such file or directory (2)
[99272:13565138:0609/081107.749860:VERBOSE1:google_apis/gaia/gaia_auth_util.cc:53] Canonicalized @gmail.com to @gmail.com
[99272:13565138:0609/081107.749869:VERBOSE1:google_apis/gaia/gaia_auth_util.cc:53] Canonicalized @gmail.com to @gmail.com
[99272:13565138:0609/081107.750331:VERBOSE1:components/signin/core/browser/account_reconcilor.cc:150] AccountReconcilor::AccountReconcilor
[99272:13565138:0609/081107.750338:VERBOSE1:components/signin/core/browser/account_reconcilor.cc:180] AccountReconcilor::Initialize
[99272:13565138:0609/081107.750342:VERBOSE1:components/signin/core/browser/account_reconcilor.cc:231] AccountReconcilor::RegisterWithContentSettings
[99272:13565138:0609/081107.750346:VERBOSE1:components/signin/core/browser/account_reconcilor.cc:254] AccountReconcilor::RegisterWithIdentityManager
[99272:13565138:0609/081107.777985:VERBOSE1:components/proxy_config/pref_proxy_config_tracker_impl.cc:462] 0x13c08d47840: set chrome proxy config service to 0x13c08eb7700
[99272:13565138:0609/081107.778880:VERBOSE1:chrome/browser/permissions/prediction_service/prediction_model_handler_provider_factory.cc:61] [PermissionsAI]: PredictionModelHandlerProviderFactory::BuildServiceInstanceForBrowserContext
[99272:13565138:0609/081107.778894:VERBOSE1:chrome/browser/permissions/prediction_service/prediction_model_handler_provider_factory.cc:98] [PermissionsAI]: PredictionModelHandlerProviderFactory::BuildServiceInstanceForBrowserContext PermissionsAIv4 not enabled, passage embedder not setup.
[99272:13565138:0609/081107.778898:VERBOSE1:chrome/browser/permissions/prediction_service/prediction_model_handler_provider.cc:55] [PermissionsAI] PredictionModelHandlerProvider ctor passage_embedder available: false
[99272:13565138:0609/081107.778902:VERBOSE1:chrome/browser/permissions/prediction_service/prediction_model_handler_provider.cc:58] [PermissionsAI] PredictionModelHandlerProvider ctor optimization_guide available: true
[99272:13565138:0609/081107.780971:VERBOSE1:google_apis/gaia/gaia_auth_util.cc:53] Canonicalized @gmail.com to @gmail.com
[99272:13565138:0609/081107.780979:VERBOSE1:google_apis/gaia/gaia_auth_util.cc:53] Canonicalized @gmail.com to @gmail.com
[99272:13565138:0609/081107.781652:VERBOSE1:components/signin/internal/identity_manager/mutable_profile_oauth2_token_service_delegate.cc:443] MutablePO2TS::RefreshTokenIsAvailable
[99272:13565138:0609/081107.798300:VERBOSE1:components/signin/internal/identity_manager/mutable_profile_oauth2_token_service_delegate.cc:443] MutablePO2TS::RefreshTokenIsAvailable
[99272:13565138:0609/081107.800089:VERBOSE1:components/segmentation_platform/internal/database/cached_result_provider.cc:54] CachedResultProvider loaded prefs with results from previous session: PredictionResult: timestamp: 13425458815379667 result 0: 0 for segmentation key shopping_user
[99272:13565138:0609/081107.821378:VERBOSE1:extensions/browser/extension_registrar.cc:547] AddComponentExtension Web Store
[99272:13565193:0609/081107.823936:VERBOSE1:extensions/browser/content_verifier/content_verifier.cc:944] OnFetchComplete ahfgeienlihckogmohjhadlkjgocpleb success:0
[99272:13565138:0609/081107.824203:VERBOSE1:extensions/browser/extension_registrar.cc:547] AddComponentExtension Chrome PDF Viewer
[99272:13565193:0609/081107.824973:VERBOSE1:extensions/browser/content_verifier/content_verifier.cc:944] OnFetchComplete mhjfbmdgcfjbbpaeojofohoefgiehjai success:0
[99272:13565138:0609/081107.825530:VERBOSE1:extensions/browser/extension_registrar.cc:547] AddComponentExtension Google Hangouts
[99272:13565193:0609/081107.825824:VERBOSE1:extensions/browser/content_verifier/content_verifier.cc:944] OnFetchComplete nkeimhogjdpnpccoofpliimaahmaaome success:0
[99272:13565138:0609/081107.826181:VERBOSE1:extensions/browser/extension_registrar.cc:547] AddComponentExtension Google Network Speech
[99272:13565193:0609/081107.828226:VERBOSE1:extensions/browser/content_verifier/content_verifier.cc:944] OnFetchComplete fignfifoniblkonapihmkfakmlgkbkcf success:0
[99272:13565193:0609/081107.837450:VERBOSE1:extensions/browser/content_verifier/content_verifier.cc:944] OnFetchComplete ghbmnnjooekpmoecnnnilnnbdlolhkhi success:1
[99272:13565193:0609/081107.839874:VERBOSE1:extensions/browser/content_verifier/content_verifier.cc:944] OnFetchComplete nmmhkkegccagdldgiimedpiccmgmieda success:1
[99272:13565189:0609/081107.841389:WARNING:chrome/browser/extensions/external_pref_loader.cc:294] You are using an old-style extension deployment method (external_extensions.json), which will soon be deprecated. (see http://developer.chrome.com/docs/extensions/how-to/distribute/install-extensions)
[99272:13565138:0609/081107.847028:VERBOSE1:components/signin/internal/identity_manager/mutable_profile_oauth2_token_service_delegate.cc:443] MutablePO2TS::RefreshTokenIsAvailable
[99272:13565138:0609/081107.847040:VERBOSE1:components/signin/internal/identity_manager/mutable_profile_oauth2_token_service_delegate.cc:443] MutablePO2TS::RefreshTokenIsAvailable
[99272:13565193:0609/081107.847179:VERBOSE1:extensions/browser/content_verifier/content_verifier.cc:944] OnFetchComplete ghbmnnjooekpmoecnnnilnnbdlolhkhi success:1
[99272:13565138:0609/081107.847200:VERBOSE1:chrome/browser/profiles/profile_manager.cc:2065] ForceSigninCheck: 0, 0, 1
[99272:13565191:0609/081107.848147:VERBOSE1:base/files/file_util_posix.cc:309] Cannot stat "/Users/sebastianlilliecreutz/Downloads/Home - Golfyr_files/chrome_profile_coords_fixed/Default/Policy/User Policy": No such file or directory (2)
[99272:13565191:0609/081107.848159:VERBOSE1:base/files/file_util_posix.cc:309] Cannot stat "/Users/sebastianlilliecreutz/Downloads/Home - Golfyr_files/chrome_profile_coords_fixed/Default/Policy/Signing Key": No such file or directory (2)
[99272:13565191:0609/081107.848165:VERBOSE1:base/files/file_util_posix.cc:309] Cannot stat "/Users/sebastianlilliecreutz/Downloads/Home - Golfyr_files/chrome_profile_coords_fixed/Default/Policy/User Extension Install Policy": No such file or directory (2)
[99272:13565191:0609/081107.848171:VERBOSE1:base/files/file_util_posix.cc:309] Cannot stat "/Users/sebastianlilliecreutz/Downloads/Home - Golfyr_files/chrome_profile_coords_fixed/Default/Policy/User Extension Install Signing Key": No such file or directory (2)
[99272:13565191:0609/081107.849221:VERBOSE1:base/files/file_util_posix.cc:309] Cannot stat "/Users/sebastianlilliecreutz/Downloads/Home - Golfyr_files/chrome_profile_coords_fixed/recovery": No such file or directory (2)
[99272:13565189:0609/081107.849369:VERBOSE1:components/component_updater/component_installer.cc:477] StartRegistration for Chrome Improved Recovery
[99272:13565202:0609/081107.849414:VERBOSE1:components/component_updater/component_installer.cc:477] StartRegistration for Subresource Filter Rules
[99272:13565191:0609/081107.849411:VERBOSE1:components/component_updater/component_installer.cc:477] StartRegistration for Widevine Content Decryption Module
[99272:13565138:0609/081107.849787:VERBOSE1:components/component_updater/installer_policies/on_device_head_suggest_component_installer.cc:59] On Device Head Component will fetch model for locale: ENUS500000
[99272:13565189:0609/081107.849842:VERBOSE1:components/component_updater/component_installer.cc:477] StartRegistration for OnDeviceHeadSuggest
[99272:13565138:0609/081107.849880:VERBOSE1:chrome/browser/component_updater/trust_token_key_commitments_component_installer.cc:22] Registering Trust Token Key Commitments component.
[99272:13565202:0609/081107.849895:VERBOSE1:components/component_updater/component_installer.cc:477] StartRegistration for Optimization Hints
[99272:13565138:0609/081107.849940:VERBOSE1:chrome/browser/component_updater/first_party_sets_component_installer.cc:37] Registering Related Website Sets component.
[99272:13565204:0609/081107.849949:VERBOSE1:components/component_updater/component_installer.cc:477] StartRegistration for Trust Token Key Commitments
[99272:13565138:0609/081107.849976:VERBOSE1:chrome/browser/component_updater/privacy_sandbox_attestations_component_installer.cc:181] Registering Privacy Sandbox Attestations component
[99272:13565203:0609/081107.849996:VERBOSE1:components/component_updater/component_installer.cc:477] StartRegistration for Privacy Sandbox Attestations
[99272:13565205:0609/081107.850011:VERBOSE1:components/component_updater/component_installer.cc:477] StartRegistration for Certificate Error Assistant
[99272:13565138:0609/081107.850085:VERBOSE1:chrome/browser/component_updater/file_type_policies_component_installer.cc:126] Registering File Type Policies component.
[99272:13565189:0609/081107.850107:VERBOSE1:components/component_updater/component_installer.cc:477] StartRegistration for File Type Policies
[99272:13565202:0609/081107.850146:VERBOSE1:components/component_updater/component_installer.cc:477] StartRegistration for Origin Trials
[99272:13565206:0609/081107.850143:VERBOSE1:components/component_updater/component_installer.cc:477] StartRegistration for CRLSet
[99272:13565203:0609/081107.850294:VERBOSE1:components/component_updater/component_installer.cc:312] Preinstalled component found for Privacy Sandbox Attestations at /Applications/Google Chrome.app/Contents/Frameworks/Google Chrome Framework.framework/Versions/149.0.7827.54/Libraries/PrivacySandboxAttestationsPreloaded with version 2025.7.18.0.
[99272:13565205:0609/081107.850336:VERBOSE1:components/component_updater/component_installer.cc:477] StartRegistration for MEI Preload
[99272:13565189:0609/081107.850374:VERBOSE1:components/component_updater/component_installer.cc:477] StartRegistration for PKI Metadata
[99272:13565202:0609/081107.850378:VERBOSE1:components/component_updater/component_installer.cc:477] StartRegistration for Safety Tips
[99272:13565204:0609/081107.850397:VERBOSE1:components/component_updater/component_installer.cc:477] StartRegistration for Crowd Deny
[99272:13565205:0609/081107.850439:VERBOSE1:components/component_updater/component_installer.cc:312] Preinstalled component found for MEI Preload at /Applications/Google Chrome.app/Contents/Frameworks/Google Chrome Framework.framework/Versions/149.0.7827.54/Libraries/MEIPreload with version 1.0.7.1652906823.
[99272:13565208:0609/081107.850399:VERBOSE1:components/component_updater/component_installer.cc:477] StartRegistration for Zxcvbn Data Dictionaries
[99272:13565138:0609/081107.850532:VERBOSE1:components/component_updater/installer_policies/actor_safety_lists_component_installer.cc:140] Registering Actor Safety Lists Component.
[99272:13565189:0609/081107.850547:VERBOSE1:components/component_updater/component_installer.cc:477] StartRegistration for Actor Safety Lists
[99272:13565138:0609/081107.850703:VERBOSE1:chrome/browser/component_updater/translate_kit_component_installer.cc:210] Registering TranslateKit component.
[99272:13565138:0609/081107.850732:VERBOSE1:chrome/browser/component_updater/wasm_tts_engine_component_installer.cc:286] Registering WASM TTS Engine component.
[99272:13565189:0609/081107.850734:VERBOSE1:components/component_updater/component_installer.cc:477] StartRegistration for Amount Extraction Heuristic Regexes
[99272:13565138:0609/081107.850741:VERBOSE1:chrome/browser/component_updater/captcha_provider_component_installer.cc:175] Registering Captcha Provider component.
[99272:13565202:0609/081107.850743:VERBOSE1:components/component_updater/component_installer.cc:477] StartRegistration for WASM TTS Engine
[99272:13565204:0609/081107.850760:VERBOSE1:components/component_updater/component_installer.cc:477] StartRegistration for Captcha Providers
[99272:13565191:0609/081107.851519:VERBOSE1:components/component_updater/component_installer.cc:312] Preinstalled component found for Widevine Content Decryption Module at /Applications/Google Chrome.app/Contents/Frameworks/Google Chrome Framework.framework/Versions/149.0.7827.54/Libraries/WidevineCdm with version 4.10.3050.0.
[99272:13565138:0609/081107.853323:VERBOSE1:chrome/browser/profiles/profile_manager.cc:1408] AddKeepAlive(Default, kBrowserWindow). keep_alives=[kWaitingForFirstBrowserWindow (1), kBrowserWindow (1)]
[99272:13565138:0609/081107.853456:VERBOSE1:chrome/browser/profiles/profile_manager.cc:1490] ClearFirstBrowserWindowKeepAlive(Default). keep_alives=[kBrowserWindow (1)]
[99272:13565189:0609/081107.860320:VERBOSE1:components/sessions/core/command_storage_backend.cc:593] CommandStorageBackend::ReadLastSessionCommands, reading from: /Users/sebastianlilliecreutz/Downloads/Home - Golfyr_files/chrome_profile_coords_fixed/Default/Sessions/Tabs_13425458814793800 encrypted: 0
[99272:13565138:0609/081107.940883:VERBOSE1:chrome/browser/ui/views/omnibox/omnibox_popup_closer.cc:65] Closing omnibox popup with reason: kRevertAll
[99272:13565138:0609/081107.954204:VERBOSE1:chrome/browser/profiles/profile_manager.cc:1408] AddKeepAlive(Default, kHeadlessCommand). keep_alives=[kBrowserWindow (1), kHeadlessCommand (1)]
[99272:13565138:0609/081108.002676:VERBOSE1:components/signin/internal/identity_manager/mutable_profile_oauth2_token_service_delegate.cc:443] MutablePO2TS::RefreshTokenIsAvailable
[99272:13565138:0609/081108.004377:VERBOSE1:components/signin/internal/identity_manager/mutable_profile_oauth2_token_service_delegate.cc:443] MutablePO2TS::RefreshTokenIsAvailable
[99289:13565330:0609/081108.032169:INFO:third_party/webrtc/rtc_base/cpu_info.cc:77] Available number of cores: 8
[99288:13565329:0609/081108.032186:INFO:third_party/webrtc/rtc_base/cpu_info.cc:77] Available number of cores: 8
[99272:13565191:0609/081108.555363:VERBOSE1:base/files/file_util_posix.cc:309] Cannot stat "/Users/sebastianlilliecreutz/Downloads/Home - Golfyr_files/chrome_profile_coords_fixed/Default/Service Worker/ScriptCache/f1cdccba37924bda_s": No such file or directory (2)
[99279:13565241:0609/081108.556733:VERBOSE1:net/base/network_delegate.cc:38] NetworkDelegate::NotifyBeforeURLRequest: https://clientservices.googleapis.com/chrome-variations/seed?osname=mac&channel=stable&milestone=149
[99272:13565203:0609/081108.562594:VERBOSE1:components/signin/public/webdata/token_service_table.cc:259] Loaded tokens: result = 3 ; number of tokens loaded = 0
[99272:13565138:0609/081108.564158:VERBOSE1:components/component_updater/component_installer.cc:548] FinishRegistration for Chrome Improved Recovery
[99272:13565138:0609/081108.564318:VERBOSE1:components/component_updater/component_updater_service.cc:177] CrxUpdateService starting up. First update attempt will take place in 60 s seconds. Next update attempt will take place in 18000 s seconds. 
[99272:13565138:0609/081108.564374:VERBOSE1:components/component_updater/component_installer.cc:548] FinishRegistration for Subresource Filter Rules
[99272:13565138:0609/081108.564541:VERBOSE1:components/component_updater/component_installer.cc:548] FinishRegistration for OnDeviceHeadSuggest
[99272:13565138:0609/081108.564557:VERBOSE1:components/component_updater/component_installer.cc:548] FinishRegistration for Optimization Hints
[99272:13565138:0609/081108.564565:VERBOSE1:components/component_updater/component_installer.cc:548] FinishRegistration for Trust Token Key Commitments
[99272:13565138:0609/081108.564573:VERBOSE1:components/component_updater/component_installer.cc:548] FinishRegistration for Certificate Error Assistant
[99272:13565138:0609/081108.564592:VERBOSE1:components/component_updater/component_installer.cc:548] FinishRegistration for Origin Trials
[99272:13565138:0609/081108.564601:VERBOSE1:components/component_updater/component_installer.cc:548] FinishRegistration for File Type Policies
[99272:13565138:0609/081108.564608:VERBOSE1:components/component_updater/component_installer.cc:548] FinishRegistration for CRLSet
[99272:13565138:0609/081108.564617:VERBOSE1:components/component_updater/component_installer.cc:548] FinishRegistration for Safety Tips
[99272:13565138:0609/081108.564624:VERBOSE1:components/component_updater/component_installer.cc:548] FinishRegistration for PKI Metadata
[99272:13565138:0609/081108.564631:VERBOSE1:components/component_updater/component_installer.cc:548] FinishRegistration for Privacy Sandbox Attestations
[99272:13565138:0609/081108.564637:VERBOSE1:components/component_updater/component_installer.cc:589] Component ready, version 2025.7.18.0 in /Applications/Google Chrome.app/Contents/Frameworks/Google Chrome Framework.framework/Versions/149.0.7827.54/Libraries/PrivacySandboxAttestationsPreloaded
[99272:13565138:0609/081108.564650:VERBOSE1:chrome/browser/component_updater/privacy_sandbox_attestations_component_installer.cc:111] Privacy Sandbox Attestations Component ready, version 2025.7.18.0 in /Applications/Google Chrome.app/Contents/Frameworks/Google Chrome Framework.framework/Versions/149.0.7827.54/Libraries/PrivacySandboxAttestationsPreloaded
[99272:13565138:0609/081108.564710:VERBOSE1:chrome/browser/component_updater/privacy_sandbox_attestations_component_installer.cc:188] Received privacy sandbox attestations file
[99272:13565138:0609/081108.564736:VERBOSE1:components/component_updater/component_installer.cc:548] FinishRegistration for MEI Preload
[99272:13565138:0609/081108.564745:VERBOSE1:components/component_updater/component_installer.cc:589] Component ready, version 1.0.7.1652906823 in /Applications/Google Chrome.app/Contents/Frameworks/Google Chrome Framework.framework/Versions/149.0.7827.54/Libraries/MEIPreload
[99272:13565138:0609/081108.564753:VERBOSE1:components/component_updater/component_installer.cc:548] FinishRegistration for Zxcvbn Data Dictionaries
[99272:13565138:0609/081108.564761:VERBOSE1:components/component_updater/component_installer.cc:548] FinishRegistration for Crowd Deny
[99272:13565138:0609/081108.564767:VERBOSE1:components/component_updater/component_installer.cc:548] FinishRegistration for Actor Safety Lists
[99272:13565138:0609/081108.564775:VERBOSE1:components/component_updater/component_installer.cc:548] FinishRegistration for Amount Extraction Heuristic Regexes
[99272:13565138:0609/081108.564783:VERBOSE1:components/component_updater/component_installer.cc:548] FinishRegistration for WASM TTS Engine
[99272:13565138:0609/081108.564789:VERBOSE1:components/component_updater/component_installer.cc:548] FinishRegistration for Captcha Providers
[99272:13565138:0609/081108.564946:VERBOSE1:components/component_updater/component_installer.cc:548] FinishRegistration for Widevine Content Decryption Module
[99272:13565138:0609/081108.564956:VERBOSE1:components/component_updater/component_installer.cc:589] Component ready, version 4.10.3050.0 in /Applications/Google Chrome.app/Contents/Frameworks/Google Chrome Framework.framework/Versions/149.0.7827.54/Libraries/WidevineCdm
[99279:13565241:0609/081108.567606:VERBOSE1:net/base/network_delegate.cc:38] NetworkDelegate::NotifyBeforeURLRequest: https://accounts.google.com/ListAccounts?gpsia=1&source=ChromiumBrowser&json=standard&laf=b64bin
[99279:13565241:0609/081108.569609:VERBOSE1:net/base/network_delegate.cc:38] NetworkDelegate::NotifyBeforeURLRequest: https://www.gstatic.com/ohttp_gateway/hpke_public_keys/sbc_prod?key=AIzaSyDr2UxVnv_U85AbhhY8XSHSIavUW0DC-sY
[99279:13565241:0609/081108.570296:VERBOSE1:net/base/network_delegate.cc:38] NetworkDelegate::NotifyBeforeURLRequest: https://www.google.com/async/folae?async=_fmt:pb&udm=50&client_locale=en-US
[99272:13565138:0609/081108.578610:VERBOSE1:components/signin/internal/identity_manager/mutable_profile_oauth2_token_service_delegate.cc:599] MutablePO2TS::OnWebDataServiceRequestDone. Result type: 5
[99272:13565138:0609/081108.578627:VERBOSE1:components/signin/internal/identity_manager/mutable_profile_oauth2_token_service_delegate.cc:661] MutablePO2TS::LoadAllCredentialsIntoMemory; 0 credential(s).
[99272:13565138:0609/081108.578861:VERBOSE1:components/signin/internal/identity_manager/mutable_profile_oauth2_token_service_delegate.cc:443] MutablePO2TS::RefreshTokenIsAvailable
[99272:13565138:0609/081108.578873:VERBOSE1:google_apis/gaia/gaia_auth_util.cc:53] Canonicalized @gmail.com to @gmail.com
[99272:13565138:0609/081108.578878:VERBOSE1:google_apis/gaia/gaia_auth_util.cc:53] Canonicalized @gmail.com to @gmail.com
[99272:13565138:0609/081108.579185:VERBOSE1:components/signin/internal/identity_manager/mutable_profile_oauth2_token_service_delegate.cc:443] MutablePO2TS::RefreshTokenIsAvailable
[99272:13565138:0609/081108.579374:VERBOSE1:components/signin/internal/identity_manager/mutable_profile_oauth2_token_service_delegate.cc:443] MutablePO2TS::RefreshTokenIsAvailable
[99272:13565138:0609/081108.579495:VERBOSE1:components/signin/core/browser/account_reconcilor.cc:339] AccountReconcilor::OnEndBatchOfRefreshTokenStateChanges. Reconcilor state: 1
[99272:13565138:0609/081108.580702:VERBOSE1:chrome/browser/component_updater/widevine_cdm_component_installer.cc:94] Registering Widevine CDM 4.10.3050.0 with Chrome
[99272:13565138:0609/081108.581429:VERBOSE1:components/privacy_sandbox/privacy_sandbox_attestations/privacy_sandbox_attestations.cc:480] Parsed Privacy Sandbox Attestation list version: 2025.7.18.0
[99272:13565138:0609/081108.581436:VERBOSE1:components/privacy_sandbox/privacy_sandbox_attestations/privacy_sandbox_attestations.cc:482] Number of attestation entries: 263
[99272:13565138:0609/081108.586108:VERBOSE1:components/signin/internal/identity_manager/mutable_profile_oauth2_token_service_delegate.cc:443] MutablePO2TS::RefreshTokenIsAvailable
[99272:13565138:0609/081108.591573:VERBOSE1:chrome/browser/web_applications/locks/partitioned_lock_manager.cc:262] Acquiring <PartitionedLockId>{id: 0x31, partition: 0} for Start@chrome/browser/web_applications/generated_icon_fix_manager.cc:61
[99272:13565138:0609/081108.591591:VERBOSE1:chrome/browser/web_applications/locks/partitioned_lock_manager.cc:243] All locks acquired for Start@chrome/browser/web_applications/generated_icon_fix_manager.cc:61
[99272:13565191:0609/081108.591592:VERBOSE1:base/files/file_util_posix.cc:309] Cannot stat "/Users/sebastianlilliecreutz/Downloads/Home - Golfyr_files/chrome_profile_coords_fixed/Default/Web Applications/Logs": No such file or directory (2)
[99272:13565138:0609/081108.594228:VERBOSE1:components/segmentation_platform/internal/signals/signal_filter_processor.cc:61] Segmentation platform started observing Session.TotalDuration
[99272:13565138:0609/081108.594236:VERBOSE1:components/segmentation_platform/internal/signals/signal_filter_processor.cc:61] Segmentation platform started observing Commerce.PriceDrops.ActiveTabNavigationComplete.IsProductDetailPage
[99272:13565138:0609/081108.594240:VERBOSE1:components/segmentation_platform/internal/signals/signal_filter_processor.cc:54] Segmentation platform started observing Autofill_PolledCreditCardSuggestions
[99272:13565138:0609/081108.594243:VERBOSE1:components/segmentation_platform/internal/signals/signal_filter_processor.cc:61] Segmentation platform started observing IOS.ParcelTracking.Tracked.AutoTrack
[99272:13565138:0609/081108.594246:VERBOSE1:components/segmentation_platform/internal/signals/signal_filter_processor.cc:61] Segmentation platform started observing Omnibox.SuggestionUsed.ClientSummarizedResultType
[99272:13565138:0609/081108.594250:VERBOSE1:components/segmentation_platform/internal/signals/signal_filter_processor.cc:54] Segmentation platform started observing MetadataWriter
[99272:13565138:0609/081108.594253:VERBOSE1:components/segmentation_platform/internal/signals/signal_filter_processor.cc:61] Segmentation platform started observing Sync.DeviceCount2
[99272:13565138:0609/081108.594256:VERBOSE1:components/segmentation_platform/internal/signals/signal_filter_processor.cc:61] Segmentation platform started observing Sync.DeviceCount2.Phone
[99272:13565138:0609/081108.594259:VERBOSE1:components/segmentation_platform/internal/signals/signal_filter_processor.cc:61] Segmentation platform started observing Sync.DeviceCount2.Desktop
[99272:13565138:0609/081108.594261:VERBOSE1:components/segmentation_platform/internal/signals/signal_filter_processor.cc:61] Segmentation platform started observing Sync.DeviceCount2.Tablet
[99272:13565138:0609/081108.594264:VERBOSE1:components/segmentation_platform/internal/signals/signal_filter_processor.cc:54] Segmentation platform started observing MobileBookmarkManagerOpen
[99272:13565138:0609/081108.594267:VERBOSE1:components/segmentation_platform/internal/signals/signal_filter_processor.cc:54] Segmentation platform started observing NewTabPage.MostVisited.Clicked
[99272:13565138:0609/081108.594269:VERBOSE1:components/segmentation_platform/internal/signals/signal_filter_processor.cc:54] Segmentation platform started observing TabGroup.Created.OpenInNewTab
[99272:13565138:0609/081108.594272:VERBOSE1:components/segmentation_platform/internal/signals/signal_filter_processor.cc:54] Segmentation platform started observing Android.HistoryPage.OpenItem
[99272:13565138:0609/081108.598337:VERBOSE1:components/segmentation_platform/internal/signals/signal_filter_processor.cc:54] Segmentation platform started observing MobileMenuRecentTabs
[99272:13565138:0609/081108.598345:VERBOSE1:components/segmentation_platform/internal/signals/signal_filter_processor.cc:61] Segmentation platform started observing PasswordManager.ManagePasswordsReferrer
[99272:13565138:0609/081108.598351:VERBOSE1:components/segmentation_platform/internal/signals/signal_filter_processor.cc:61] Segmentation platform started observing PasswordManager.ProfileStore.TotalAccountsHiRes3.WithScheme.Https
[99272:13565138:0609/081108.598356:VERBOSE1:components/segmentation_platform/internal/signals/signal_filter_processor.cc:61] Segmentation platform started observing PasswordManager.FillingAssistance
[99272:13565138:0609/081108.598360:VERBOSE1:components/segmentation_platform/internal/signals/signal_filter_processor.cc:61] Segmentation platform started observing PasswordManager.SavedPasswordIsGenerated
[99272:13565138:0609/081108.598364:VERBOSE1:components/segmentation_platform/internal/signals/signal_filter_processor.cc:61] Segmentation platform started observing PasswordManager.SaveUIDismissalReason
[99272:13565138:0609/081108.598369:VERBOSE1:components/segmentation_platform/internal/signals/signal_filter_processor.cc:61] Segmentation platform started observing PasswordManager.SaveUIDismissalReason
[99272:13565138:0609/081108.598372:VERBOSE1:components/segmentation_platform/internal/signals/signal_filter_processor.cc:61] Segmentation platform started observing IOS.CredentialExtension.IsEnabled.Startup
[99272:13565138:0609/081108.598378:VERBOSE1:components/segmentation_platform/internal/signals/signal_filter_processor.cc:61] Segmentation platform started observing Session.TotalDuration
[99272:13565138:0609/081108.607797:VERBOSE1:chrome/browser/web_applications/locks/partitioned_lock_manager.cc:286] Releasing <PartitionedLockId>{id: 0x31, partition: 0} requested by Start@chrome/browser/web_applications/generated_icon_fix_manager.cc:61
[99289:13565330:0609/081108.608085:VERBOSE1:extensions/renderer/script_context.cc:150] Created context:
  extension id:           (none)
  frame:                  0x11402030d60
  URL:                    
  context_type:           WEBUI
  effective extension id: (none)
  effective context type: WEBUI
[99289:13565330:0609/081108.608418:VERBOSE1:extensions/renderer/script_context.cc:150] Created context:
  extension id:           (none)
  frame:                  (nil)
  URL:                    
  context_type:           UNSPECIFIED
  effective extension id: (none)
  effective context type: UNSPECIFIED
[99289:13565330:0609/081108.608907:VERBOSE1:extensions/renderer/dispatcher.cc:493] Num tracked contexts: 1
[99272:13565189:0609/081108.611105:VERBOSE1:content/browser/loader/file_url_loader_factory.cc:474] FileURLLoader::Start: file:///Users/sebastianlilliecreutz/Downloads/Home%20-%20Golfyr_files/chrome_profile_coords_fixed/Default/Extensions/ghbmnnjooekpmoecnnnilnnbdlolhkhi/1.106.1_0/service_worker_bin_prod.js
[99272:13565193:0609/081108.613282:VERBOSE1:extensions/browser/content_verifier/content_verifier.cc:944] OnFetchComplete ghbmnnjooekpmoecnnnilnnbdlolhkhi success:1
[99272:13565138:0609/081108.644127:VERBOSE1:chrome/browser/enterprise/data_protection/data_protection_navigation_observer.cc:227] enterprise.data_protection: same document navigation: 0
[99272:13565138:0609/081108.644149:VERBOSE1:chrome/browser/enterprise/data_protection/data_protection_navigation_observer.cc:229] enterprise.data_protection: URL to scan: about:blank
[99279:13565241:0609/081108.644508:VERBOSE1:net/third_party/quiche/src/quiche/quic/core/tls_handshaker.cc:109] TlsClient: Continuing handshake
[99279:13565241:0609/081108.646073:VERBOSE1:net/third_party/quiche/src/quiche/quic/core/tls_handshaker.cc:109] TlsClient: Continuing handshake
[99288:13565329:0609/081108.646678:VERBOSE1:extensions/renderer/script_context.cc:150] Created context:
  extension id:           (none)
  frame:                  0x10c02030d60
  URL:                    
  context_type:           WEB_PAGE
  effective extension id: (none)
  effective context type: WEB_PAGE
[99288:13565329:0609/081108.646878:VERBOSE1:extensions/renderer/script_context.cc:150] Created context:
  extension id:           (none)
  frame:                  (nil)
  URL:                    
  context_type:           UNSPECIFIED
  effective extension id: (none)
  effective context type: UNSPECIFIED
[99288:13565329:0609/081108.646937:VERBOSE1:extensions/renderer/dispatcher.cc:493] Num tracked contexts: 1
[99272:13565138:0609/081108.654289:VERBOSE1:chrome/browser/ui/views/omnibox/omnibox_popup_closer.cc:65] Closing omnibox popup with reason: kRevertAll
[99272:13565138:0609/081108.656581:VERBOSE1:chrome/browser/ui/views/omnibox/omnibox_popup_closer.cc:65] Closing omnibox popup with reason: kBlur
[99279:13565241:0609/081108.689614:VERBOSE1:net/third_party/quiche/src/quiche/quic/core/tls_handshaker.cc:109] TlsClient: Continuing handshake
[99279:13565241:0609/081108.690549:VERBOSE1:net/third_party/quiche/src/quiche/quic/core/tls_handshaker.cc:109] TlsClient: Continuing handshake
[99279:13565241:0609/081108.709300:VERBOSE1:net/third_party/quiche/src/quiche/quic/core/tls_handshaker.cc:109] TlsClient: Continuing handshake
[99279:13565241:0609/081108.710224:VERBOSE1:net/third_party/quiche/src/quiche/quic/core/tls_handshaker.cc:109] TlsClient: Continuing handshake
[99279:13565241:0609/081108.710251:VERBOSE1:net/third_party/quiche/src/quiche/quic/core/tls_handshaker.cc:109] TlsClient: Continuing handshake
[99279:13565241:0609/081108.720582:VERBOSE1:net/third_party/quiche/src/quiche/quic/core/tls_handshaker.cc:109] TlsClient: Continuing handshake
[99279:13565241:0609/081108.720684:VERBOSE1:net/third_party/quiche/src/quiche/quic/core/tls_handshaker.cc:109] TlsClient: Continuing handshake
[99279:13565241:0609/081108.731310:VERBOSE1:net/third_party/quiche/src/quiche/quic/core/tls_handshaker.cc:109] TlsClient: Continuing handshake
[99279:13565241:0609/081108.731428:VERBOSE1:net/third_party/quiche/src/quiche/quic/core/tls_handshaker.cc:109] TlsClient: Continuing handshake
[99279:13565241:0609/081108.731549:VERBOSE1:net/third_party/quiche/src/quiche/quic/core/tls_handshaker.cc:109] TlsClient: Continuing handshake
[99294:13565397:0609/081108.758673:INFO:third_party/webrtc/rtc_base/cpu_info.cc:77] Available number of cores: 8
[99293:13565396:0609/081108.782162:INFO:third_party/webrtc/rtc_base/cpu_info.cc:77] Available number of cores: 8
[99279:13565241:0609/081108.806516:VERBOSE1:net/third_party/quiche/src/quiche/quic/core/tls_handshaker.cc:109] TlsClient: Continuing handshake
[99272:13565138:0609/081109.191392:VERBOSE1:components/segmentation_platform/internal/selection/segment_result_provider.cc:136] GetSegmentResult: segment=OPTIMIZATION_TARGET_SEGMENTATION_DEVICE_SWITCHER ignoring DB score, executing model.
[99272:13565138:0609/081109.191420:VERBOSE1:components/segmentation_platform/internal/selection/segment_result_provider.cc:277] ExecuteModelAndGetScore: segment=OPTIMIZATION_TARGET_SEGMENTATION_DEVICE_SWITCHER server segment info not available
[99272:13565138:0609/081109.191429:VERBOSE1:components/segmentation_platform/internal/selection/segment_result_provider.cc:210] OnGotModelScore: segment=OPTIMIZATION_TARGET_SEGMENTATION_DEVICE_SWITCHER failed to get database model score, trying default model.
[99279:13565241:0609/081109.194068:VERBOSE1:net/third_party/quiche/src/quiche/quic/core/tls_handshaker.cc:109] TlsClient: Continuing handshake
[99279:13565241:0609/081109.195979:VERBOSE1:net/third_party/quiche/src/quiche/quic/core/tls_handshaker.cc:109] TlsClient: Continuing handshake
[99272:13565138:0609/081109.196282:VERBOSE1:chrome/browser/enterprise/data_protection/data_protection_navigation_observer.cc:227] enterprise.data_protection: same document navigation: 0
[99272:13565138:0609/081109.196296:VERBOSE1:chrome/browser/enterprise/data_protection/data_protection_navigation_observer.cc:229] enterprise.data_protection: URL to scan: file:///Users/sebastianlilliecreutz/Downloads/Home%20-%20Golfyr_files/temp_tablet_fixed_heights.html
[99272:13565138:0609/081109.197310:VERBOSE1:components/signin/internal/identity_manager/mutable_profile_oauth2_token_service_delegate.cc:443] MutablePO2TS::RefreshTokenIsAvailable
[99293:13565423:0609/081109.200615:VERBOSE1:extensions/renderer/script_context.cc:150] Created context:
  extension id:           ghbmnnjooekpmoecnnnilnnbdlolhkhi
  frame:                  (nil)
  URL:                    
  context_type:           BLESSED_EXTENSION
  effective extension id: ghbmnnjooekpmoecnnnilnnbdlolhkhi
  effective context type: BLESSED_EXTENSION
[99293:13565423:0609/081109.201362:VERBOSE1:extensions/renderer/script_context.cc:150] Created context:
  extension id:           (none)
  frame:                  (nil)
  URL:                    
  context_type:           UNSPECIFIED
  effective extension id: (none)
  effective context type: UNSPECIFIED
[99272:13565189:0609/081109.210692:VERBOSE1:content/browser/loader/file_url_loader_factory.cc:474] FileURLLoader::Start: file:///Users/sebastianlilliecreutz/Downloads/Home%20-%20Golfyr_files/temp_tablet_fixed_heights.html
[99288:13565329:0609/081109.216546:VERBOSE1:extensions/renderer/dispatcher.cc:688] Num tracked contexts: 0
[99288:13565329:0609/081109.217837:VERBOSE1:extensions/renderer/script_context.cc:150] Created context:
  extension id:           (none)
  frame:                  0x10c02127e00
  URL:                    
  context_type:           WEB_PAGE
  effective extension id: (none)
  effective context type: WEB_PAGE
[99288:13565329:0609/081109.217858:VERBOSE1:extensions/renderer/script_context.cc:150] Created context:
  extension id:           (none)
  frame:                  (nil)
  URL:                    
  context_type:           UNSPECIFIED
  effective extension id: (none)
  effective context type: UNSPECIFIED
[99288:13565329:0609/081109.217893:VERBOSE1:extensions/renderer/dispatcher.cc:493] Num tracked contexts: 1
[99272:13565138:0609/081109.218164:VERBOSE1:content/browser/back_forward_cache/back_forward_cache_impl.cc:853] BackForwardCacheImpl::GetCurrentBackForwardCacheEligibility: about:blank : No: HTTP status is not OK, scheme is not HTTP or HTTPS, Browsing instance is not swapped
[99272:13565138:0609/081109.218178:VERBOSE1:content/browser/back_forward_cache/back_forward_cache_impl.cc:853] BackForwardCacheImpl::GetCompleteBackForwardCacheEligibilityForReporting: about:blank : No: HTTP status is not OK, scheme is not HTTP or HTTPS, Browsing instance is not swapped
[99272:13565138:0609/081109.220120:VERBOSE1:chrome/browser/ui/views/omnibox/omnibox_popup_closer.cc:65] Closing omnibox popup with reason: kRevertAll
[99288:13565329:0609/081109.221570:VERBOSE1:extensions/renderer/script_context.cc:163] Destroyed context for extension
  extension id: 
  effective extension id: 
[99288:13565329:0609/081109.221586:VERBOSE1:extensions/renderer/script_context.cc:163] Destroyed context for extension
  extension id: 
  effective extension id: 
[99279:13565241:0609/081109.221705:VERBOSE1:net/base/network_delegate.cc:38] NetworkDelegate::NotifyBeforeURLRequest: https://cdn.jsdelivr.net/npm/swiper@11/swiper-bundle.min.css
[99279:13565241:0609/081109.225293:VERBOSE1:net/base/network_delegate.cc:38] NetworkDelegate::NotifyBeforeURLRequest: https://cdnjs.cloudflare.com/ajax/libs/gsap/3.12.5/gsap.min.js
[99272:13565189:0609/081109.227357:VERBOSE1:content/browser/loader/file_url_loader_factory.cc:474] FileURLLoader::Start: file:///Users/sebastianlilliecreutz/Downloads/Home%20-%20Golfyr_files/rebuilt-style.css
[99279:13565241:0609/081109.227862:VERBOSE1:net/base/network_delegate.cc:38] NetworkDelegate::NotifyBeforeURLRequest: https://cdnjs.cloudflare.com/ajax/libs/gsap/3.12.5/ScrollTrigger.min.js
[99279:13565241:0609/081109.227995:VERBOSE1:net/base/network_delegate.cc:38] NetworkDelegate::NotifyBeforeURLRequest: https://cdn.jsdelivr.net/npm/swiper@11/swiper-bundle.min.js
[99279:13565241:0609/081109.228074:VERBOSE1:net/base/network_delegate.cc:38] NetworkDelegate::NotifyBeforeURLRequest: https://js.hsforms.net/forms/embed/v2.js
[99272:13565191:0609/081109.228217:VERBOSE1:content/browser/loader/file_url_loader_factory.cc:474] FileURLLoader::Start: file:///Users/sebastianlilliecreutz/Downloads/Home%20-%20Golfyr_files/golfyr-logo-dark.png
[99272:13565191:0609/081109.229068:VERBOSE1:content/browser/loader/file_url_loader_factory.cc:474] FileURLLoader::Start: file:///Users/sebastianlilliecreutz/Downloads/Home%20-%20Golfyr_files/icon-cart-dark.png
[99272:13565191:0609/081109.229508:VERBOSE1:content/browser/loader/file_url_loader_factory.cc:474] FileURLLoader::Start: file:///Users/sebastianlilliecreutz/Downloads/Home%20-%20Golfyr_files/Sevenclubgame%20-%20Golfyr_files/hero_mobile.jpg
[99272:13565191:0609/081109.230225:VERBOSE1:content/browser/loader/file_url_loader_factory.cc:474] FileURLLoader::Start: file:///Users/sebastianlilliecreutz/Downloads/Home%20-%20Golfyr_files/opener-1.png
[99272:13565191:0609/081109.230864:VERBOSE1:content/browser/loader/file_url_loader_factory.cc:474] FileURLLoader::Start: file:///Users/sebastianlilliecreutz/Downloads/Home%20-%20Golfyr_files/mover-1.png
[99272:13565191:0609/081109.231261:VERBOSE1:content/browser/loader/file_url_loader_factory.cc:474] FileURLLoader::Start: file:///Users/sebastianlilliecreutz/Downloads/Home%20-%20Golfyr_files/riser-1-768x725-1.png
[99272:13565191:0609/081109.231725:VERBOSE1:content/browser/loader/file_url_loader_factory.cc:474] FileURLLoader::Start: file:///Users/sebastianlilliecreutz/Downloads/Home%20-%20Golfyr_files/pitcher-1.png
[99272:13565191:0609/081109.232028:VERBOSE1:content/browser/loader/file_url_loader_factory.cc:474] FileURLLoader::Start: file:///Users/sebastianlilliecreutz/Downloads/Home%20-%20Golfyr_files/maker-1.png
[99272:13565191:0609/081109.232448:VERBOSE1:content/browser/loader/file_url_loader_factory.cc:474] FileURLLoader::Start: file:///Users/sebastianlilliecreutz/Downloads/Home%20-%20Golfyr_files/saver-1.png
[99272:13565191:0609/081109.233069:VERBOSE1:content/browser/loader/file_url_loader_factory.cc:474] FileURLLoader::Start: file:///Users/sebastianlilliecreutz/Downloads/Home%20-%20Golfyr_files/Butler_V5.png
[99272:13565191:0609/081109.233384:VERBOSE1:content/browser/loader/file_url_loader_factory.cc:474] FileURLLoader::Start: file:///Users/sebastianlilliecreutz/Downloads/Home%20-%20Golfyr_files/info-icon-neg.png
[99272:13565191:0609/081109.233630:VERBOSE1:content/browser/loader/file_url_loader_factory.cc:474] FileURLLoader::Start: file:///Users/sebastianlilliecreutz/Downloads/Home%20-%20Golfyr_files/Opener.png
[99272:13565191:0609/081109.233866:VERBOSE1:content/browser/loader/file_url_loader_factory.cc:474] FileURLLoader::Start: file:///Users/sebastianlilliecreutz/Downloads/Home%20-%20Golfyr_files/Mover.png
[99272:13565191:0609/081109.234431:VERBOSE1:content/browser/loader/file_url_loader_factory.cc:474] FileURLLoader::Start: file:///Users/sebastianlilliecreutz/Downloads/Home%20-%20Golfyr_files/Riser.png
[99272:13565191:0609/081109.234598:VERBOSE1:content/browser/loader/file_url_loader_factory.cc:474] FileURLLoader::Start: file:///Users/sebastianlilliecreutz/Downloads/Home%20-%20Golfyr_files/Pitcher.png
[99272:13565191:0609/081109.234741:VERBOSE1:content/browser/loader/file_url_loader_factory.cc:474] FileURLLoader::Start: file:///Users/sebastianlilliecreutz/Downloads/Home%20-%20Golfyr_files/Maker.png
[99272:13565191:0609/081109.234859:VERBOSE1:content/browser/loader/file_url_loader_factory.cc:474] FileURLLoader::Start: file:///Users/sebastianlilliecreutz/Downloads/Home%20-%20Golfyr_files/Saver.png
[99272:13565191:0609/081109.235159:VERBOSE1:content/browser/loader/file_url_loader_factory.cc:474] FileURLLoader::Start: file:///Users/sebastianlilliecreutz/Downloads/Home%20-%20Golfyr_files/Butler.png
[99272:13565191:0609/081109.235275:VERBOSE1:content/browser/loader/file_url_loader_factory.cc:474] FileURLLoader::Start: file:///Users/sebastianlilliecreutz/Downloads/Home%20-%20Golfyr_files/Map-mobile_opener_eng.png
[99272:13565191:0609/081109.235601:VERBOSE1:content/browser/loader/file_url_loader_factory.cc:474] FileURLLoader::Start: file:///Users/sebastianlilliecreutz/Downloads/Home%20-%20Golfyr_files/Map-mobile_mover_eng.png
[99272:13565191:0609/081109.235907:VERBOSE1:content/browser/loader/file_url_loader_factory.cc:474] FileURLLoader::Start: file:///Users/sebastianlilliecreutz/Downloads/Home%20-%20Golfyr_files/Map-mobile_riser_eng.png
[99272:13565191:0609/081109.236138:VERBOSE1:content/browser/loader/file_url_loader_factory.cc:474] FileURLLoader::Start: file:///Users/sebastianlilliecreutz/Downloads/Home%20-%20Golfyr_files/Map-mobile_pitcher_eng.png
[99272:13565191:0609/081109.236401:VERBOSE1:content/browser/loader/file_url_loader_factory.cc:474] FileURLLoader::Start: file:///Users/sebastianlilliecreutz/Downloads/Home%20-%20Golfyr_files/Map-mobile_maker_eng.png
[99272:13565191:0609/081109.236652:VERBOSE1:content/browser/loader/file_url_loader_factory.cc:474] FileURLLoader::Start: file:///Users/sebastianlilliecreutz/Downloads/Home%20-%20Golfyr_files/Map-mobile_saver_eng.png
[99272:13565191:0609/081109.236923:VERBOSE1:content/browser/loader/file_url_loader_factory.cc:474] FileURLLoader::Start: file:///Users/sebastianlilliecreutz/Downloads/Home%20-%20Golfyr_files/Map_Mobile_Butler_EN.png
[99272:13565191:0609/081109.237189:VERBOSE1:content/browser/loader/file_url_loader_factory.cc:474] FileURLLoader::Start: file:///Users/sebastianlilliecreutz/Downloads/Home%20-%20Golfyr_files/01.jpg
[99272:13565191:0609/081109.237980:VERBOSE1:content/browser/loader/file_url_loader_factory.cc:474] FileURLLoader::Start: file:///Users/sebastianlilliecreutz/Downloads/Home%20-%20Golfyr_files/012.jpg
[99272:13565191:0609/081109.238313:VERBOSE1:content/browser/loader/file_url_loader_factory.cc:474] FileURLLoader::Start: file:///Users/sebastianlilliecreutz/Downloads/Home%20-%20Golfyr_files/013.jpg
[99272:13565191:0609/081109.238713:VERBOSE1:content/browser/loader/file_url_loader_factory.cc:474] FileURLLoader::Start: file:///Users/sebastianlilliecreutz/Downloads/Home%20-%20Golfyr_files/014.jpg
[99272:13565191:0609/081109.239588:VERBOSE1:content/browser/loader/file_url_loader_factory.cc:474] FileURLLoader::Start: file:///Users/sebastianlilliecreutz/Downloads/Home%20-%20Golfyr_files/015.jpg
[99272:13565191:0609/081109.239846:VERBOSE1:content/browser/loader/file_url_loader_factory.cc:474] FileURLLoader::Start: file:///Users/sebastianlilliecreutz/Downloads/Home%20-%20Golfyr_files/016.jpg
[99272:13565191:0609/081109.240028:VERBOSE1:content/browser/loader/file_url_loader_factory.cc:474] FileURLLoader::Start: file:///Users/sebastianlilliecreutz/Downloads/Home%20-%20Golfyr_files/018.jpg
[99272:13565191:0609/081109.240259:VERBOSE1:content/browser/loader/file_url_loader_factory.cc:474] FileURLLoader::Start: file:///Users/sebastianlilliecreutz/Downloads/Home%20-%20Golfyr_files/017.jpg
[99272:13565191:0609/081109.241292:VERBOSE1:content/browser/loader/file_url_loader_factory.cc:474] FileURLLoader::Start: file:///Users/sebastianlilliecreutz/Downloads/Home%20-%20Golfyr_files/The%20Opener%20-%20Golfyr_files/GFY_Sevenclubgame_Opener.gif
[99272:13565191:0609/081109.241710:VERBOSE1:content/browser/loader/file_url_loader_factory.cc:474] FileURLLoader::Start: file:///Users/sebastianlilliecreutz/Downloads/Home%20-%20Golfyr_files/Sevenclubgame%20-%20Golfyr_files/approach_forgiveness_en.png
[99272:13565191:0609/081109.241881:VERBOSE1:content/browser/loader/file_url_loader_factory.cc:474] FileURLLoader::Start: file:///Users/sebastianlilliecreutz/Downloads/Home%20-%20Golfyr_files/Sevenclubgame%20-%20Golfyr_files/approach_simplicity.png
[99272:13565191:0609/081109.242877:VERBOSE1:content/browser/loader/file_url_loader_factory.cc:474] FileURLLoader::Start: file:///Users/sebastianlilliecreutz/Downloads/Home%20-%20Golfyr_files/Sevenclubgame%20-%20Golfyr_files/approach_joy.png
[99272:13565191:0609/081109.243256:VERBOSE1:content/browser/loader/file_url_loader_factory.cc:474] FileURLLoader::Start: file:///Users/sebastianlilliecreutz/Downloads/Home%20-%20Golfyr_files/Sevenclubgame%20-%20Golfyr_files/reimagined_tablet.jpg
[99272:13565191:0609/081109.243599:VERBOSE1:content/browser/loader/file_url_loader_factory.cc:474] FileURLLoader::Start: file:///Users/sebastianlilliecreutz/Downloads/Home%20-%20Golfyr_files/climatepartner.png
[99272:13565191:0609/081109.243703:VERBOSE1:content/browser/loader/file_url_loader_factory.cc:474] FileURLLoader::Start: file:///Users/sebastianlilliecreutz/Downloads/Home%20-%20Golfyr_files/rebuilt-app.js
[99279:13565242:0609/081109.261647:VERBOSE1:base/files/file_util_posix.cc:309] Cannot stat "/Users/sebastianlilliecreutz/Downloads/Home - Golfyr_files/chrome_profile_coords_fixed/Default/Cache/Cache_Data/59b7adbdbd563a05_0": No such file or directory (2)
[99279:13565242:0609/081109.261806:VERBOSE1:base/files/file_util_posix.cc:309] Cannot stat "/Users/sebastianlilliecreutz/Downloads/Home - Golfyr_files/chrome_profile_coords_fixed/Default/Cache/Cache_Data/59b7adbdbd563a05_1": No such file or directory (2)
[99279:13565242:0609/081109.261824:VERBOSE1:base/files/file_util_posix.cc:309] Cannot stat "/Users/sebastianlilliecreutz/Downloads/Home - Golfyr_files/chrome_profile_coords_fixed/Default/Cache/Cache_Data/59b7adbdbd563a05_s": No such file or directory (2)
[99272:13565189:0609/081109.262162:VERBOSE1:base/files/file_util_posix.cc:309] Cannot stat "/Users/sebastianlilliecreutz/Downloads/Home - Golfyr_files/chrome_profile_coords_fixed/VariationsSafeSeedV2": No such file or directory (2)
[99272:13565138:0609/081109.266104:VERBOSE1:components/signin/core/browser/account_reconcilor.cc:559] AccountReconcilor::OnAccountsInCookieUpdated: CookieJar 0 accounts, Reconcilor's state is 1, Error was 
[99272:13565138:0609/081109.266475:VERBOSE1:components/signin/core/browser/account_reconcilor.cc:653] AccountReconcilor::LoadValidAccountsFromTokenService: Chrome 0 accounts
[99272:13565138:0609/081109.266591:VERBOSE1:components/signin/core/browser/account_reconcilor.cc:783] AccountReconcilor::CalculateIfMultiloginReconcileIsDone: Error was 
[99272:13565138:0609/081109.266608:VERBOSE1:components/signin/core/browser/account_reconcilor.cc:689] AccountReconcilor::StartReconcileIfChromeAccountsChanged
[99272:13565138:0609/081109.267224:VERBOSE1:components/signin/core/browser/account_reconcilor.cc:559] AccountReconcilor::OnAccountsInCookieUpdated: CookieJar 0 accounts, Reconcilor's state is 1, Error was 
[99272:13565138:0609/081109.279466:VERBOSE1:components/signin/core/browser/account_reconcilor.cc:653] AccountReconcilor::LoadValidAccountsFromTokenService: Chrome 0 accounts
[99272:13565138:0609/081109.279483:VERBOSE1:components/signin/core/browser/account_reconcilor.cc:783] AccountReconcilor::CalculateIfMultiloginReconcileIsDone: Error was 
[99272:13565138:0609/081109.279490:VERBOSE1:components/signin/core/browser/account_reconcilor.cc:689] AccountReconcilor::StartReconcileIfChromeAccountsChanged
[99279:13565241:0609/081109.280224:VERBOSE1:net/third_party/quiche/src/quiche/quic/core/tls_handshaker.cc:109] TlsClient: Continuing handshake
[99279:13565241:0609/081109.330793:VERBOSE1:net/third_party/quiche/src/quiche/quic/core/tls_handshaker.cc:109] TlsClient: Continuing handshake
[99279:13565241:0609/081109.330826:VERBOSE1:net/third_party/quiche/src/quiche/quic/core/tls_handshaker.cc:109] TlsClient: Continuing handshake
[99279:13565241:0609/081109.333937:VERBOSE1:net/third_party/quiche/src/quiche/quic/core/tls_handshaker.cc:109] TlsClient: Continuing handshake
[99279:13565241:0609/081109.334427:VERBOSE1:net/third_party/quiche/src/quiche/quic/core/tls_handshaker.cc:109] TlsClient: Continuing handshake
[99279:13565241:0609/081109.335036:VERBOSE1:net/third_party/quiche/src/quiche/quic/core/tls_handshaker.cc:109] TlsClient: Continuing handshake
[99272:13565138:0609/081109.416143:INFO:CONSOLE:1130] "COORD_JSON:{"found":true,"top":2574.109375,"height":1209.1875}", source: file:///Users/sebastianlilliecreutz/Downloads/Home%20-%20Golfyr_files/temp_tablet_fixed_heights.html (1130)
[99272:13565190:0609/081110.374318:VERBOSE1:base/files/file_util_posix.cc:309] Cannot stat "/Users/sebastianlilliecreutz/Downloads/Home - Golfyr_files/chrome_profile_coords_fixed/BrowserMetrics": No such file or directory (2)
[99272:13565138:0609/081110.374366:VERBOSE1:chrome/browser/web_applications/locks/partitioned_lock_manager.cc:262] Acquiring <PartitionedLockId>{id: 0x31, partition: 0} for RunDiagnostics@chrome/browser/ui/web_applications/diagnostics/web_app_icon_health_checks.cc:64
[99272:13565190:0609/081110.374379:VERBOSE1:base/files/file_util_posix.cc:309] Cannot stat "/Users/sebastianlilliecreutz/Downloads/Home - Golfyr_files/chrome_profile_coords_fixed/DeferredBrowserMetrics": No such file or directory (2)
[99272:13565138:0609/081110.374390:VERBOSE1:chrome/browser/web_applications/locks/partitioned_lock_manager.cc:262] Acquiring <PartitionedLockId>{id: 0x61676862696168627061696a69676e6365696465706f6f6b6c6a65626866616b, partition: 1} for RunDiagnostics@chrome/browser/ui/web_applications/diagnostics/web_app_icon_health_checks.cc:64
[99272:13565138:0609/081110.374426:VERBOSE1:chrome/browser/web_applications/locks/partitioned_lock_manager.cc:243] All locks acquired for RunDiagnostics@chrome/browser/ui/web_applications/diagnostics/web_app_icon_health_checks.cc:64
[99272:13565138:0609/081110.374439:VERBOSE1:chrome/browser/web_applications/locks/partitioned_lock_manager.cc:262] Acquiring <PartitionedLockId>{id: 0x31, partition: 0} for RunDiagnostics@chrome/browser/ui/web_applications/diagnostics/web_app_icon_health_checks.cc:64
[99272:13565138:0609/081110.374449:VERBOSE1:chrome/browser/web_applications/locks/partitioned_lock_manager.cc:262] Acquiring <PartitionedLockId>{id: 0x6167696d6e6b696a636161686e6763646d6665616e67616b6e6d6c646f6f6d6c, partition: 1} for RunDiagnostics@chrome/browser/ui/web_applications/diagnostics/web_app_icon_health_checks.cc:64
[99272:13565138:0609/081110.374458:VERBOSE1:chrome/browser/web_applications/locks/partitioned_lock_manager.cc:243] All locks acquired for RunDiagnostics@chrome/browser/ui/web_applications/diagnostics/web_app_icon_health_checks.cc:64
[99272:13565190:0609/081110.374436:VERBOSE1:base/files/file_util_posix.cc:309] Cannot stat "/Users/sebastianlilliecreutz/Downloads/Home - Golfyr_files/chrome_profile_coords_fixed/CrashpadMetrics.pma": No such file or directory (2)
[99272:13565138:0609/081110.374470:VERBOSE1:chrome/browser/web_applications/locks/partitioned_lock_manager.cc:262] Acquiring <PartitionedLockId>{id: 0x31, partition: 0} for RunDiagnostics@chrome/browser/ui/web_applications/diagnostics/web_app_icon_health_checks.cc:64
[99272:13565138:0609/081110.374510:VERBOSE1:chrome/browser/web_applications/locks/partitioned_lock_manager.cc:262] Acquiring <PartitionedLockId>{id: 0x6668696870696f6a6b626d6270646a656f616a61706d676b686c6e616b666a66, partition: 1} for RunDiagnostics@chrome/browser/ui/web_applications/diagnostics/web_app_icon_health_checks.cc:64
[99272:13565138:0609/081110.374514:VERBOSE1:chrome/browser/web_applications/locks/partitioned_lock_manager.cc:243] All locks acquired for RunDiagnostics@chrome/browser/ui/web_applications/diagnostics/web_app_icon_health_checks.cc:64
[99272:13565138:0609/081110.374521:VERBOSE1:chrome/browser/web_applications/locks/partitioned_lock_manager.cc:262] Acquiring <PartitionedLockId>{id: 0x31, partition: 0} for RunDiagnostics@chrome/browser/ui/web_applications/diagnostics/web_app_icon_health_checks.cc:64
[99272:13565138:0609/081110.374525:VERBOSE1:chrome/browser/web_applications/locks/partitioned_lock_manager.cc:262] Acquiring <PartitionedLockId>{id: 0x666d676a6a6d6d6d6c666e6b6270706e636162666b6464626a696d63666e636d, partition: 1} for RunDiagnostics@chrome/browser/ui/web_applications/diagnostics/web_app_icon_health_checks.cc:64
[99272:13565138:0609/081110.374529:VERBOSE1:chrome/browser/web_applications/locks/partitioned_lock_manager.cc:243] All locks acquired for RunDiagnostics@chrome/browser/ui/web_applications/diagnostics/web_app_icon_health_checks.cc:64
[99272:13565138:0609/081110.374536:VERBOSE1:chrome/browser/web_applications/locks/partitioned_lock_manager.cc:262] Acquiring <PartitionedLockId>{id: 0x31, partition: 0} for RunDiagnostics@chrome/browser/ui/web_applications/diagnostics/web_app_icon_health_checks.cc:64
[99272:13565138:0609/081110.374540:VERBOSE1:chrome/browser/web_applications/locks/partitioned_lock_manager.cc:262] Acquiring <PartitionedLockId>{id: 0x6b65666a6c65646f6e6b6c696a6f706d6e6f6d6c6362706c6c63686169626167, partition: 1} for RunDiagnostics@chrome/browser/ui/web_applications/diagnostics/web_app_icon_health_checks.cc:64
[99272:13565138:0609/081110.374550:VERBOSE1:chrome/browser/web_applications/locks/partitioned_lock_manager.cc:243] All locks acquired for RunDiagnostics@chrome/browser/ui/web_applications/diagnostics/web_app_icon_health_checks.cc:64
[99272:13565138:0609/081110.374636:VERBOSE1:chrome/browser/web_applications/locks/partitioned_lock_manager.cc:262] Acquiring <PartitionedLockId>{id: 0x31, partition: 0} for RunDiagnostics@chrome/browser/ui/web_applications/diagnostics/web_app_icon_health_checks.cc:64
[99272:13565138:0609/081110.374660:VERBOSE1:chrome/browser/web_applications/locks/partitioned_lock_manager.cc:262] Acquiring <PartitionedLockId>{id: 0x6d706e706f6a6b6e706d6d6f706f6d626e6a646367616169656b616a626e6a62, partition: 1} for RunDiagnostics@chrome/browser/ui/web_applications/diagnostics/web_app_icon_health_checks.cc:64
[99272:13565138:0609/081110.374671:VERBOSE1:chrome/browser/web_applications/locks/partitioned_lock_manager.cc:243] All locks acquired for RunDiagnostics@chrome/browser/ui/web_applications/diagnostics/web_app_icon_health_checks.cc:64
[99272:13565138:0609/081110.374731:VERBOSE1:chrome/browser/web_applications/locks/partitioned_lock_manager.cc:262] Acquiring <PartitionedLockId>{id: 0x31, partition: 0} for RunDiagnostics@chrome/browser/ui/web_applications/diagnostics/web_app_icon_health_checks.cc:64
[99272:13565138:0609/081110.374748:VERBOSE1:chrome/browser/web_applications/locks/partitioned_lock_manager.cc:262] Acquiring <PartitionedLockId>{id: 0x706f6d6d61636c6362666768636c68616c626f616b636970636d6d6e6468636a, partition: 1} for RunDiagnostics@chrome/browser/ui/web_applications/diagnostics/web_app_icon_health_checks.cc:64
[99272:13565138:0609/081110.374771:VERBOSE1:chrome/browser/web_applications/locks/partitioned_lock_manager.cc:243] All locks acquired for RunDiagnostics@chrome/browser/ui/web_applications/diagnostics/web_app_icon_health_checks.cc:64
[99272:13565190:0609/081110.374819:VERBOSE1:base/files/file_util_posix.cc:309] Cannot stat "/Users/sebastianlilliecreutz/Downloads/Home - Golfyr_files/chrome_profile_coords_fixed/Breadcrumbs": No such file or directory (2)
[99272:13565138:0609/081110.375309:VERBOSE1:components/enterprise/browser/reporting/saas_usage/saas_usage_report_scheduler.cc:106] Scheduling next browser SaaS usage report at 2026-06-09 10:06:52.254278 UTC
[99272:13565138:0609/081110.382069:VERBOSE1:chrome/browser/web_applications/locks/partitioned_lock_manager.cc:286] Releasing <PartitionedLockId>{id: 0x61676862696168627061696a69676e6365696465706f6f6b6c6a65626866616b, partition: 1} requested by RunDiagnostics@chrome/browser/ui/web_applications/diagnostics/web_app_icon_health_checks.cc:64
[99272:13565138:0609/081110.382082:VERBOSE1:chrome/browser/web_applications/locks/partitioned_lock_manager.cc:286] Releasing <PartitionedLockId>{id: 0x31, partition: 0} requested by RunDiagnostics@chrome/browser/ui/web_applications/diagnostics/web_app_icon_health_checks.cc:64
[99272:13565138:0609/081110.382259:VERBOSE1:chrome/browser/web_applications/locks/partitioned_lock_manager.cc:286] Releasing <PartitionedLockId>{id: 0x6167696d6e6b696a636161686e6763646d6665616e67616b6e6d6c646f6f6d6c, partition: 1} requested by RunDiagnostics@chrome/browser/ui/web_applications/diagnostics/web_app_icon_health_checks.cc:64
[99272:13565138:0609/081110.382265:VERBOSE1:chrome/browser/web_applications/locks/partitioned_lock_manager.cc:286] Releasing <PartitionedLockId>{id: 0x31, partition: 0} requested by RunDiagnostics@chrome/browser/ui/web_applications/diagnostics/web_app_icon_health_checks.cc:64
[99272:13565138:0609/081110.382277:VERBOSE1:chrome/browser/web_applications/locks/partitioned_lock_manager.cc:286] Releasing <PartitionedLockId>{id: 0x6668696870696f6a6b626d6270646a656f616a61706d676b686c6e616b666a66, partition: 1} requested by RunDiagnostics@chrome/browser/ui/web_applications/diagnostics/web_app_icon_health_checks.cc:64
[99272:13565138:0609/081110.382288:VERBOSE1:chrome/browser/web_applications/locks/partitioned_lock_manager.cc:286] Releasing <PartitionedLockId>{id: 0x31, partition: 0} requested by RunDiagnostics@chrome/browser/ui/web_applications/diagnostics/web_app_icon_health_checks.cc:64
[99272:13565138:0609/081110.382299:VERBOSE1:chrome/browser/web_applications/locks/partitioned_lock_manager.cc:286] Releasing <PartitionedLockId>{id: 0x666d676a6a6d6d6d6c666e6b6270706e636162666b6464626a696d63666e636d, partition: 1} requested by RunDiagnostics@chrome/browser/ui/web_applications/diagnostics/web_app_icon_health_checks.cc:64
[99272:13565138:0609/081110.382303:VERBOSE1:chrome/browser/web_applications/locks/partitioned_lock_manager.cc:286] Releasing <PartitionedLockId>{id: 0x31, partition: 0} requested by RunDiagnostics@chrome/browser/ui/web_applications/diagnostics/web_app_icon_health_checks.cc:64
[99272:13565138:0609/081110.382313:VERBOSE1:chrome/browser/web_applications/locks/partitioned_lock_manager.cc:286] Releasing <PartitionedLockId>{id: 0x6b65666a6c65646f6e6b6c696a6f706d6e6f6d6c6362706c6c63686169626167, partition: 1} requested by RunDiagnostics@chrome/browser/ui/web_applications/diagnostics/web_app_icon_health_checks.cc:64
[99272:13565138:0609/081110.382317:VERBOSE1:chrome/browser/web_applications/locks/partitioned_lock_manager.cc:286] Releasing <PartitionedLockId>{id: 0x31, partition: 0} requested by RunDiagnostics@chrome/browser/ui/web_applications/diagnostics/web_app_icon_health_checks.cc:64
[99272:13565138:0609/081110.382333:VERBOSE1:chrome/browser/web_applications/locks/partitioned_lock_manager.cc:286] Releasing <PartitionedLockId>{id: 0x6d706e706f6a6b6e706d6d6f706f6d626e6a646367616169656b616a626e6a62, partition: 1} requested by RunDiagnostics@chrome/browser/ui/web_applications/diagnostics/web_app_icon_health_checks.cc:64
[99272:13565138:0609/081110.382337:VERBOSE1:chrome/browser/web_applications/locks/partitioned_lock_manager.cc:286] Releasing <PartitionedLockId>{id: 0x31, partition: 0} requested by RunDiagnostics@chrome/browser/ui/web_applications/diagnostics/web_app_icon_health_checks.cc:64
[99272:13565138:0609/081110.382351:VERBOSE1:chrome/browser/web_applications/locks/partitioned_lock_manager.cc:286] Releasing <PartitionedLockId>{id: 0x706f6d6d61636c6362666768636c68616c626f616b636970636d6d6e6468636a, partition: 1} requested by RunDiagnostics@chrome/browser/ui/web_applications/diagnostics/web_app_icon_health_checks.cc:64
[99272:13565138:0609/081110.382355:VERBOSE1:chrome/browser/web_applications/locks/partitioned_lock_manager.cc:286] Releasing <PartitionedLockId>{id: 0x31, partition: 0} requested by RunDiagnostics@chrome/browser/ui/web_applications/diagnostics/web_app_icon_health_checks.cc:64
[99272:13565138:0609/081110.382382:VERBOSE1:chrome/browser/profiles/profile_manager.cc:1408] AddKeepAlive(Default, kExtensionUpdater). keep_alives=[kBrowserWindow (1), kExtensionUpdater (1), kHeadlessCommand (1)]
[99272:13565138:0609/081110.383141:VERBOSE1:chrome/browser/web_applications/locks/partitioned_lock_manager.cc:262] Acquiring <PartitionedLockId>{id: 0x31, partition: 0} for ApplyRunOnOsLoginPolicySettings@chrome/browser/web_applications/policy/web_app_policy_manager.cc:593
[99272:13565138:0609/081110.383147:VERBOSE1:chrome/browser/web_applications/locks/partitioned_lock_manager.cc:262] Acquiring <PartitionedLockId>{id: 0x61676862696168627061696a69676e6365696465706f6f6b6c6a65626866616b, partition: 1} for ApplyRunOnOsLoginPolicySettings@chrome/browser/web_applications/policy/web_app_policy_manager.cc:593
[99272:13565138:0609/081110.383151:VERBOSE1:chrome/browser/web_applications/locks/partitioned_lock_manager.cc:243] All locks acquired for ApplyRunOnOsLoginPolicySettings@chrome/browser/web_applications/policy/web_app_policy_manager.cc:593
[99272:13565138:0609/081110.383158:VERBOSE1:chrome/browser/web_applications/locks/partitioned_lock_manager.cc:262] Acquiring <PartitionedLockId>{id: 0x31, partition: 0} for ApplyRunOnOsLoginPolicySettings@chrome/browser/web_applications/policy/web_app_policy_manager.cc:593
[99272:13565138:0609/081110.383169:VERBOSE1:chrome/browser/web_applications/locks/partitioned_lock_manager.cc:262] Acquiring <PartitionedLockId>{id: 0x6167696d6e6b696a636161686e6763646d6665616e67616b6e6d6c646f6f6d6c, partition: 1} for ApplyRunOnOsLoginPolicySettings@chrome/browser/web_applications/policy/web_app_policy_manager.cc:593
[99272:13565138:0609/081110.383173:VERBOSE1:chrome/browser/web_applications/locks/partitioned_lock_manager.cc:243] All locks acquired for ApplyRunOnOsLoginPolicySettings@chrome/browser/web_applications/policy/web_app_policy_manager.cc:593
[99272:13565138:0609/081110.383180:VERBOSE1:chrome/browser/web_applications/locks/partitioned_lock_manager.cc:262] Acquiring <PartitionedLockId>{id: 0x31, partition: 0} for ApplyRunOnOsLoginPolicySettings@chrome/browser/web_applications/policy/web_app_policy_manager.cc:593
[99272:13565138:0609/081110.383183:VERBOSE1:chrome/browser/web_applications/locks/partitioned_lock_manager.cc:262] Acquiring <PartitionedLockId>{id: 0x6668696870696f6a6b626d6270646a656f616a61706d676b686c6e616b666a66, partition: 1} for ApplyRunOnOsLoginPolicySettings@chrome/browser/web_applications/policy/web_app_policy_manager.cc:593
[99272:13565138:0609/081110.383187:VERBOSE1:chrome/browser/web_applications/locks/partitioned_lock_manager.cc:243] All locks acquired for ApplyRunOnOsLoginPolicySettings@chrome/browser/web_applications/policy/web_app_policy_manager.cc:593
[99272:13565138:0609/081110.383192:VERBOSE1:chrome/browser/web_applications/locks/partitioned_lock_manager.cc:262] Acquiring <PartitionedLockId>{id: 0x31, partition: 0} for ApplyRunOnOsLoginPolicySettings@chrome/browser/web_applications/policy/web_app_policy_manager.cc:593
[99272:13565138:0609/081110.383195:VERBOSE1:chrome/browser/web_applications/locks/partitioned_lock_manager.cc:262] Acquiring <PartitionedLockId>{id: 0x666d676a6a6d6d6d6c666e6b6270706e636162666b6464626a696d63666e636d, partition: 1} for ApplyRunOnOsLoginPolicySettings@chrome/browser/web_applications/policy/web_app_policy_manager.cc:593
[99272:13565138:0609/081110.383199:VERBOSE1:chrome/browser/web_applications/locks/partitioned_lock_manager.cc:243] All locks acquired for ApplyRunOnOsLoginPolicySettings@chrome/browser/web_applications/policy/web_app_policy_manager.cc:593
[99272:13565138:0609/081110.383204:VERBOSE1:chrome/browser/web_applications/locks/partitioned_lock_manager.cc:262] Acquiring <PartitionedLockId>{id: 0x31, partition: 0} for ApplyRunOnOsLoginPolicySettings@chrome/browser/web_applications/policy/web_app_policy_manager.cc:593
[99272:13565138:0609/081110.383207:VERBOSE1:chrome/browser/web_applications/locks/partitioned_lock_manager.cc:262] Acquiring <PartitionedLockId>{id: 0x6b65666a6c65646f6e6b6c696a6f706d6e6f6d6c6362706c6c63686169626167, partition: 1} for ApplyRunOnOsLoginPolicySettings@chrome/browser/web_applications/policy/web_app_policy_manager.cc:593
[99272:13565138:0609/081110.383211:VERBOSE1:chrome/browser/web_applications/locks/partitioned_lock_manager.cc:243] All locks acquired for ApplyRunOnOsLoginPolicySettings@chrome/browser/web_applications/policy/web_app_policy_manager.cc:593
[99272:13565138:0609/081110.383216:VERBOSE1:chrome/browser/web_applications/locks/partitioned_lock_manager.cc:262] Acquiring <PartitionedLockId>{id: 0x31, partition: 0} for ApplyRunOnOsLoginPolicySettings@chrome/browser/web_applications/policy/web_app_policy_manager.cc:593
[99272:13565138:0609/081110.383220:VERBOSE1:chrome/browser/web_applications/locks/partitioned_lock_manager.cc:262] Acquiring <PartitionedLockId>{id: 0x6d706e706f6a6b6e706d6d6f706f6d626e6a646367616169656b616a626e6a62, partition: 1} for ApplyRunOnOsLoginPolicySettings@chrome/browser/web_applications/policy/web_app_policy_manager.cc:593
[99272:13565138:0609/081110.383223:VERBOSE1:chrome/browser/web_applications/locks/partitioned_lock_manager.cc:243] All locks acquired for ApplyRunOnOsLoginPolicySettings@chrome/browser/web_applications/policy/web_app_policy_manager.cc:593
[99272:13565138:0609/081110.383230:VERBOSE1:chrome/browser/web_applications/locks/partitioned_lock_manager.cc:262] Acquiring <PartitionedLockId>{id: 0x31, partition: 0} for ApplyRunOnOsLoginPolicySettings@chrome/browser/web_applications/policy/web_app_policy_manager.cc:593
[99272:13565138:0609/081110.383236:VERBOSE1:chrome/browser/web_applications/locks/partitioned_lock_manager.cc:262] Acquiring <PartitionedLockId>{id: 0x706f6d6d61636c6362666768636c68616c626f616b636970636d6d6e6468636a, partition: 1} for ApplyRunOnOsLoginPolicySettings@chrome/browser/web_applications/policy/web_app_policy_manager.cc:593
[99272:13565138:0609/081110.383240:VERBOSE1:chrome/browser/web_applications/locks/partitioned_lock_manager.cc:243] All locks acquired for ApplyRunOnOsLoginPolicySettings@chrome/browser/web_applications/policy/web_app_policy_manager.cc:593
[99272:13565138:0609/081110.383262:VERBOSE1:chrome/browser/profiles/profile_manager.cc:1408] AddKeepAlive(Default, kWebAppUpdate). keep_alives=[kBrowserWindow (1), kExtensionUpdater (1), kWebAppUpdate (1), kHeadlessCommand (1)]
[99272:13565138:0609/081110.383474:VERBOSE1:chrome/browser/web_applications/locks/partitioned_lock_manager.cc:286] Releasing <PartitionedLockId>{id: 0x61676862696168627061696a69676e6365696465706f6f6b6c6a65626866616b, partition: 1} requested by ApplyRunOnOsLoginPolicySettings@chrome/browser/web_applications/policy/web_app_policy_manager.cc:593
[99272:13565138:0609/081110.383482:VERBOSE1:chrome/browser/web_applications/locks/partitioned_lock_manager.cc:286] Releasing <PartitionedLockId>{id: 0x31, partition: 0} requested by ApplyRunOnOsLoginPolicySettings@chrome/browser/web_applications/policy/web_app_policy_manager.cc:593
[99272:13565138:0609/081110.383494:VERBOSE1:chrome/browser/profiles/profile_manager.cc:1408] AddKeepAlive(Default, kWebAppUpdate). keep_alives=[kBrowserWindow (1), kExtensionUpdater (1), kWebAppUpdate (2), kHeadlessCommand (1)]
[99272:13565138:0609/081110.383511:VERBOSE1:chrome/browser/web_applications/locks/partitioned_lock_manager.cc:286] Releasing <PartitionedLockId>{id: 0x6167696d6e6b696a636161686e6763646d6665616e67616b6e6d6c646f6f6d6c, partition: 1} requested by ApplyRunOnOsLoginPolicySettings@chrome/browser/web_applications/policy/web_app_policy_manager.cc:593
[99272:13565138:0609/081110.383517:VERBOSE1:chrome/browser/web_applications/locks/partitioned_lock_manager.cc:286] Releasing <PartitionedLockId>{id: 0x31, partition: 0} requested by ApplyRunOnOsLoginPolicySettings@chrome/browser/web_applications/policy/web_app_policy_manager.cc:593
[99272:13565138:0609/081110.383527:VERBOSE1:chrome/browser/profiles/profile_manager.cc:1408] AddKeepAlive(Default, kWebAppUpdate). keep_alives=[kBrowserWindow (1), kExtensionUpdater (1), kWebAppUpdate (3), kHeadlessCommand (1)]
[99272:13565138:0609/081110.383566:VERBOSE1:chrome/browser/web_applications/locks/partitioned_lock_manager.cc:286] Releasing <PartitionedLockId>{id: 0x6668696870696f6a6b626d6270646a656f616a61706d676b686c6e616b666a66, partition: 1} requested by ApplyRunOnOsLoginPolicySettings@chrome/browser/web_applications/policy/web_app_policy_manager.cc:593
[99272:13565138:0609/081110.383574:VERBOSE1:chrome/browser/web_applications/locks/partitioned_lock_manager.cc:286] Releasing <PartitionedLockId>{id: 0x31, partition: 0} requested by ApplyRunOnOsLoginPolicySettings@chrome/browser/web_applications/policy/web_app_policy_manager.cc:593
[99272:13565138:0609/081110.383584:VERBOSE1:chrome/browser/profiles/profile_manager.cc:1408] AddKeepAlive(Default, kWebAppUpdate). keep_alives=[kBrowserWindow (1), kExtensionUpdater (1), kWebAppUpdate (4), kHeadlessCommand (1)]
[99272:13565138:0609/081110.383666:VERBOSE1:chrome/browser/web_applications/locks/partitioned_lock_manager.cc:286] Releasing <PartitionedLockId>{id: 0x666d676a6a6d6d6d6c666e6b6270706e636162666b6464626a696d63666e636d, partition: 1} requested by ApplyRunOnOsLoginPolicySettings@chrome/browser/web_applications/policy/web_app_policy_manager.cc:593
[99272:13565138:0609/081110.383696:VERBOSE1:chrome/browser/web_applications/locks/partitioned_lock_manager.cc:286] Releasing <PartitionedLockId>{id: 0x31, partition: 0} requested by ApplyRunOnOsLoginPolicySettings@chrome/browser/web_applications/policy/web_app_policy_manager.cc:593
[99272:13565138:0609/081110.383722:VERBOSE1:chrome/browser/profiles/profile_manager.cc:1408] AddKeepAlive(Default, kWebAppUpdate). keep_alives=[kBrowserWindow (1), kExtensionUpdater (1), kWebAppUpdate (5), kHeadlessCommand (1)]
[99272:13565138:0609/081110.383739:VERBOSE1:chrome/browser/web_applications/locks/partitioned_lock_manager.cc:286] Releasing <PartitionedLockId>{id: 0x6b65666a6c65646f6e6b6c696a6f706d6e6f6d6c6362706c6c63686169626167, partition: 1} requested by ApplyRunOnOsLoginPolicySettings@chrome/browser/web_applications/policy/web_app_policy_manager.cc:593
[99272:13565138:0609/081110.383745:VERBOSE1:chrome/browser/web_applications/locks/partitioned_lock_manager.cc:286] Releasing <PartitionedLockId>{id: 0x31, partition: 0} requested by ApplyRunOnOsLoginPolicySettings@chrome/browser/web_applications/policy/web_app_policy_manager.cc:593
[99272:13565138:0609/081110.383751:VERBOSE1:chrome/browser/profiles/profile_manager.cc:1408] AddKeepAlive(Default, kWebAppUpdate). keep_alives=[kBrowserWindow (1), kExtensionUpdater (1), kWebAppUpdate (6), kHeadlessCommand (1)]
[99272:13565138:0609/081110.383762:VERBOSE1:chrome/browser/web_applications/locks/partitioned_lock_manager.cc:286] Releasing <PartitionedLockId>{id: 0x6d706e706f6a6b6e706d6d6f706f6d626e6a646367616169656b616a626e6a62, partition: 1} requested by ApplyRunOnOsLoginPolicySettings@chrome/browser/web_applications/policy/web_app_policy_manager.cc:593
[99272:13565138:0609/081110.383767:VERBOSE1:chrome/browser/web_applications/locks/partitioned_lock_manager.cc:286] Releasing <PartitionedLockId>{id: 0x31, partition: 0} requested by ApplyRunOnOsLoginPolicySettings@chrome/browser/web_applications/policy/web_app_policy_manager.cc:593
[99272:13565138:0609/081110.383772:VERBOSE1:chrome/browser/profiles/profile_manager.cc:1408] AddKeepAlive(Default, kWebAppUpdate). keep_alives=[kBrowserWindow (1), kExtensionUpdater (1), kWebAppUpdate (7), kHeadlessCommand (1)]
[99272:13565138:0609/081110.383783:VERBOSE1:chrome/browser/web_applications/locks/partitioned_lock_manager.cc:286] Releasing <PartitionedLockId>{id: 0x706f6d6d61636c6362666768636c68616c626f616b636970636d6d6e6468636a, partition: 1} requested by ApplyRunOnOsLoginPolicySettings@chrome/browser/web_applications/policy/web_app_policy_manager.cc:593
[99272:13565138:0609/081110.383787:VERBOSE1:chrome/browser/web_applications/locks/partitioned_lock_manager.cc:286] Releasing <PartitionedLockId>{id: 0x31, partition: 0} requested by ApplyRunOnOsLoginPolicySettings@chrome/browser/web_applications/policy/web_app_policy_manager.cc:593
[99272:13565138:0609/081110.383790:VERBOSE1:chrome/browser/web_applications/locks/partitioned_lock_manager.cc:318] Acquiring <PartitionedLockId>{id: 0x31, partition: 0} for SynchronizeInstalledApps@chrome/browser/web_applications/externally_managed_app_manager.cc:186
[99272:13565138:0609/081110.383793:VERBOSE1:chrome/browser/web_applications/locks/partitioned_lock_manager.cc:243] All locks acquired for SynchronizeInstalledApps@chrome/browser/web_applications/externally_managed_app_manager.cc:186
[99272:13565138:0609/081110.383803:VERBOSE1:chrome/browser/profiles/profile_manager.cc:1469] RemoveKeepAlive(Default, kWebAppUpdate). keep_alives=[kBrowserWindow (1), kExtensionUpdater (1), kWebAppUpdate (6), kHeadlessCommand (1)]
[99272:13565138:0609/081110.383808:VERBOSE1:chrome/browser/profiles/profile_manager.cc:1469] RemoveKeepAlive(Default, kWebAppUpdate). keep_alives=[kBrowserWindow (1), kExtensionUpdater (1), kWebAppUpdate (5), kHeadlessCommand (1)]
[99272:13565138:0609/081110.383835:VERBOSE1:chrome/browser/profiles/profile_manager.cc:1469] RemoveKeepAlive(Default, kWebAppUpdate). keep_alives=[kBrowserWindow (1), kExtensionUpdater (1), kWebAppUpdate (4), kHeadlessCommand (1)]
[99272:13565138:0609/081110.383848:VERBOSE1:chrome/browser/profiles/profile_manager.cc:1469] RemoveKeepAlive(Default, kWebAppUpdate). keep_alives=[kBrowserWindow (1), kExtensionUpdater (1), kWebAppUpdate (3), kHeadlessCommand (1)]
[99272:13565138:0609/081110.383852:VERBOSE1:chrome/browser/profiles/profile_manager.cc:1469] RemoveKeepAlive(Default, kWebAppUpdate). keep_alives=[kBrowserWindow (1), kExtensionUpdater (1), kWebAppUpdate (2), kHeadlessCommand (1)]
[99272:13565138:0609/081110.383857:VERBOSE1:chrome/browser/profiles/profile_manager.cc:1469] RemoveKeepAlive(Default, kWebAppUpdate). keep_alives=[kBrowserWindow (1), kExtensionUpdater (1), kWebAppUpdate (1), kHeadlessCommand (1)]
[99272:13565138:0609/081110.383861:VERBOSE1:chrome/browser/profiles/profile_manager.cc:1469] RemoveKeepAlive(Default, kWebAppUpdate). keep_alives=[kBrowserWindow (1), kExtensionUpdater (1), kHeadlessCommand (1)]
[99272:13565138:0609/081110.383871:VERBOSE1:chrome/browser/web_applications/locks/partitioned_lock_manager.cc:286] Releasing <PartitionedLockId>{id: 0x31, partition: 0} requested by SynchronizeInstalledApps@chrome/browser/web_applications/externally_managed_app_manager.cc:186
[99279:13565241:0609/081110.384351:VERBOSE1:net/base/network_delegate.cc:38] NetworkDelegate::NotifyBeforeURLRequest: https://update.googleapis.com/service/update2/json?cup2key=16:7RsWzP9esU_m_4Sdv0Jr4tiArmqa0YlF6mdmONETrUk&cup2hreq=30bdaf91f9c18dda8e06901cff6860098e24218dedd71c1a6b1ada51e070c070
[99272:13565190:0609/081110.385697:VERBOSE1:base/files/file_util_posix.cc:309] Cannot stat "/Users/sebastianlilliecreutz/Downloads/Home - Golfyr_files/chrome_profile_coords_fixed/Default/webrtc_event_logs": No such file or directory (2)
[99272:13565190:0609/081110.385779:VERBOSE1:base/files/file_util_posix.cc:309] Cannot stat "/Users/sebastianlilliecreutz/Downloads/Home - Golfyr_files/chrome_profile_coords_fixed/Default/Media Cache": No such file or directory (2)
[99272:13565190:0609/081110.385868:VERBOSE1:base/files/file_util_posix.cc:309] Cannot stat "/Users/sebastianlilliecreutz/Downloads/Home - Golfyr_files/chrome_profile_coords_fixed/Default/databases": No such file or directory (2)
[99272:13565454:0609/081110.386061:VERBOSE1:services/device/usb/usb_context.cc:51] UsbEventHandler started.
[99272:13565138:0609/081110.386722:VERBOSE1:components/device_event_log/device_event_log_impl.cc:203] [08:11:10.386] USB: USER: usb_service_impl.cc:391 USB device added: vendor=6127 "Lenovo", product=12386 "USB-C Dock Ethernet", serial="1015ACB4A", guid=7ecf7ec2-6b9f-4e44-ad57-ee2ec1d0a401
[99272:13565138:0609/081110.387616:VERBOSE1:components/device_event_log/device_event_log_impl.cc:203] [08:11:10.387] USB: USER: usb_service_impl.cc:391 USB device added: vendor=6127 "Cypress Semiconductor", product=12384 "ThinkPad USB-C Dock", serial="0001", guid=93244f7f-2bac-4e29-b255-3693c82062d3
[99272:13565138:0609/081110.387838:VERBOSE1:components/device_event_log/device_event_log_impl.cc:203] [08:11:10.387] USB: USER: usb_service_impl.cc:391 USB device added: vendor=6127 "Lenovo", product=12387 "ThinkPad USB-C Dock Audio", serial="000000000000", guid=a1bd7790-fda2-4cf0-9899-ecbb3fc8725d
[99272:13565138:0609/081110.388217:VERBOSE1:components/device_event_log/device_event_log_impl.cc:203] [08:11:10.388] USB: USER: usb_service_impl.cc:391 USB device added: vendor=1133 "", product=2085 "", serial="69149740", guid=41c341f0-1f37-4687-9bc2-84eb917d3326
[99272:13565192:0609/081110.388766:VERBOSE1:components/component_updater/component_installer.cc:477] StartRegistration for Related Website Sets
[99272:13565192:0609/081110.389127:VERBOSE1:base/files/file_util_posix.cc:309] Cannot stat "/Users/sebastianlilliecreutz/Downloads/Home - Golfyr_files/chrome_profile_coords_fixed/HistorySearch": No such file or directory (2)
[99272:13565138:0609/081110.389133:VERBOSE1:components/component_updater/component_installer.cc:548] FinishRegistration for Related Website Sets
[99272:13565192:0609/081110.389176:VERBOSE1:base/files/file_util_posix.cc:309] Cannot stat "/Users/sebastianlilliecreutz/Downloads/Home - Golfyr_files/chrome_profile_coords_fixed/DesktopSharingHub": No such file or directory (2)
[99272:13565138:0609/081110.389182:VERBOSE1:chrome/browser/component_updater/first_party_sets_component_installer.cc:42] Received Related Website Sets
[99272:13565192:0609/081110.389213:VERBOSE1:base/files/file_util_posix.cc:309] Cannot stat "/Users/sebastianlilliecreutz/Downloads/Home - Golfyr_files/chrome_profile_coords_fixed/CookieReadinessList": No such file or directory (2)
[99272:13565192:0609/081110.389237:VERBOSE1:base/files/file_util_posix.cc:309] Cannot stat "/Users/sebastianlilliecreutz/Downloads/Home - Golfyr_files/chrome_profile_coords_fixed/OpenCookieDatabase": No such file or directory (2)
[99272:13565192:0609/081110.389252:VERBOSE1:base/files/file_util_posix.cc:309] Cannot stat "/Users/sebastianlilliecreutz/Downloads/Home - Golfyr_files/chrome_profile_coords_fixed/TpcdMetadata": No such file or directory (2)
[99272:13565192:0609/081110.389268:VERBOSE1:base/files/file_util_posix.cc:309] Cannot stat "/Users/sebastianlilliecreutz/Downloads/Home - Golfyr_files/chrome_profile_coords_fixed/ProbabilisticRevealTokenRegistry": No such file or directory (2)
[99272:13565192:0609/081110.389281:VERBOSE1:base/files/file_util_posix.cc:309] Cannot stat "/Users/sebastianlilliecreutz/Downloads/Home - Golfyr_files/chrome_profile_coords_fixed/AutofillStates": No such file or directory (2)
[99272:13565192:0609/081110.389294:VERBOSE1:base/files/file_util_posix.cc:309] Cannot stat "/Users/sebastianlilliecreutz/Downloads/Home - Golfyr_files/chrome_profile_coords_fixed/Fingerprinting Protection Filter": No such file or directory (2)
[99272:13565192:0609/081110.389308:VERBOSE1:base/files/file_util_posix.cc:309] Cannot stat "/Users/sebastianlilliecreutz/Downloads/Home - Golfyr_files/chrome_profile_coords_fixed/PlusAddressBlocklist": No such file or directory (2)
[99279:13565241:0609/081110.396708:VERBOSE1:net/third_party/quiche/src/quiche/quic/core/tls_handshaker.cc:109] TlsClient: Continuing handshake
[99272:13565138:0609/081110.401252:VERBOSE1:chrome/browser/web_applications/locks/partitioned_lock_manager.cc:262] Acquiring <PartitionedLockId>{id: 0x31, partition: 0} for SynchronizeInstalledApps@chrome/browser/web_applications/externally_managed_app_manager.cc:186
[99272:13565138:0609/081110.401263:VERBOSE1:chrome/browser/web_applications/locks/partitioned_lock_manager.cc:243] All locks acquired for SynchronizeInstalledApps@chrome/browser/web_applications/externally_managed_app_manager.cc:186
[99272:13565138:0609/081110.401293:VERBOSE1:chrome/browser/web_applications/locks/partitioned_lock_manager.cc:286] Releasing <PartitionedLockId>{id: 0x31, partition: 0} requested by SynchronizeInstalledApps@chrome/browser/web_applications/externally_managed_app_manager.cc:186
[99272:13565138:0609/081110.401475:VERBOSE1:chrome/browser/web_applications/locks/partitioned_lock_manager.cc:262] Acquiring <PartitionedLockId>{id: 0x31, partition: 0} for MaybeStartNext@chrome/browser/web_applications/externally_managed_app_manager.cc:271
[99272:13565138:0609/081110.401480:VERBOSE1:chrome/browser/web_applications/locks/partitioned_lock_manager.cc:243] All locks acquired for MaybeStartNext@chrome/browser/web_applications/externally_managed_app_manager.cc:271
[99272:13565138:0609/081110.401548:VERBOSE1:chrome/browser/web_applications/locks/partitioned_lock_manager.cc:286] Releasing <PartitionedLockId>{id: 0x31, partition: 0} requested by MaybeStartNext@chrome/browser/web_applications/externally_managed_app_manager.cc:271
[99272:13565138:0609/081110.401552:VERBOSE1:chrome/browser/web_applications/locks/partitioned_lock_manager.cc:318] Acquiring <PartitionedLockId>{id: 0x31, partition: 0} for ContinueSynchronization@chrome/browser/web_applications/externally_managed_app_manager.cc:736
[99272:13565138:0609/081110.401555:VERBOSE1:chrome/browser/web_applications/locks/partitioned_lock_manager.cc:243] All locks acquired for ContinueSynchronization@chrome/browser/web_applications/externally_managed_app_manager.cc:736
[99272:13565138:0609/081110.401710:VERBOSE1:chrome/browser/web_applications/locks/partitioned_lock_manager.cc:286] Releasing <PartitionedLockId>{id: 0x31, partition: 0} requested by ContinueSynchronization@chrome/browser/web_applications/externally_managed_app_manager.cc:736
[99279:13565241:0609/081110.404602:VERBOSE1:net/base/network_delegate.cc:38] NetworkDelegate::NotifyBeforeURLRequest: https://android.clients.google.com/c2dm/register3
[99279:13565241:0609/081110.404831:VERBOSE1:net/base/network_delegate.cc:38] NetworkDelegate::NotifyBeforeURLRequest: https://android.clients.google.com/c2dm/register3
[99279:13565241:0609/081110.404889:VERBOSE1:net/base/network_delegate.cc:38] NetworkDelegate::NotifyBeforeURLRequest: https://android.clients.google.com/c2dm/register3
[99272:13565138:0609/081110.412064:VERBOSE1:chrome/browser/profiles/profile_manager.cc:1408] AddKeepAlive(Default, kSessionDataDeleter). keep_alives=[kBrowserWindow (1), kSessionDataDeleter (1), kExtensionUpdater (1), kHeadlessCommand (1)]
[99272:13565138:0609/081110.412225:VERBOSE1:chrome/browser/ui/views/omnibox/omnibox_popup_closer.cc:65] Closing omnibox popup with reason: kBlur
[99272:13565138:0609/081110.413440:VERBOSE1:chrome/browser/profiles/profile_manager.cc:1469] RemoveKeepAlive(Default, kSessionDataDeleter). keep_alives=[kBrowserWindow (1), kExtensionUpdater (1), kHeadlessCommand (1)]
[99279:13565241:0609/081110.427482:VERBOSE1:net/third_party/quiche/src/quiche/quic/core/tls_handshaker.cc:109] TlsClient: Continuing handshake
[99272:13565138:0609/081110.444464:VERBOSE1:chrome/browser/profiles/profile_manager.cc:1469] RemoveKeepAlive(Default, kBrowserWindow). keep_alives=[kExtensionUpdater (1), kHeadlessCommand (1)]
[99279:13565241:0609/081110.445942:VERBOSE1:net/third_party/quiche/src/quiche/quic/core/tls_handshaker.cc:109] TlsClient: Continuing handshake
[99279:13565241:0609/081110.446045:VERBOSE1:net/third_party/quiche/src/quiche/quic/core/tls_handshaker.cc:130] TlsClient: SSL_do_handshake returned when entering early data. After retry, rv=-1, SSL_in_early_data=1
[99272:13565138:0609/081110.449968:VERBOSE1:chrome/browser/profiles/profile_manager.cc:1469] RemoveKeepAlive(Default, kHeadlessCommand). keep_alives=[kExtensionUpdater (1)]
[99279:13565241:0609/081110.475062:VERBOSE1:net/third_party/quiche/src/quiche/quic/core/tls_handshaker.cc:109] TlsClient: Continuing handshake
[99279:13565241:0609/081110.483167:VERBOSE1:net/third_party/quiche/src/quiche/quic/core/tls_handshaker.cc:109] TlsClient: Continuing handshake
[99279:13565241:0609/081110.498344:VERBOSE1:net/third_party/quiche/src/quiche/quic/core/tls_handshaker.cc:109] TlsClient: Continuing handshake
[99279:13565241:0609/081110.519423:VERBOSE1:net/third_party/quiche/src/quiche/quic/core/tls_handshaker.cc:109] TlsClient: Continuing handshake
[99279:13565241:0609/081110.538039:VERBOSE1:net/third_party/quiche/src/quiche/quic/core/tls_handshaker.cc:109] TlsClient: Continuing handshake
[99279:13565241:0609/081110.557711:VERBOSE1:net/third_party/quiche/src/quiche/quic/core/tls_handshaker.cc:109] TlsClient: Continuing handshake
[99279:13565241:0609/081110.557799:VERBOSE1:net/third_party/quiche/src/quiche/quic/core/tls_handshaker.cc:109] TlsClient: Continuing handshake
[99279:13565241:0609/081110.557939:VERBOSE1:net/third_party/quiche/src/quiche/quic/core/tls_handshaker.cc:109] TlsClient: Continuing handshake
[99279:13565241:0609/081110.558018:VERBOSE1:net/third_party/quiche/src/quiche/quic/core/tls_handshaker.cc:109] TlsClient: Continuing handshake
[99279:13565241:0609/081110.558185:VERBOSE1:net/third_party/quiche/src/quiche/quic/core/tls_handshaker.cc:109] TlsClient: Continuing handshake
[99279:13565241:0609/081110.558195:VERBOSE1:net/third_party/quiche/src/quiche/quic/core/tls_handshaker.cc:109] TlsClient: Continuing handshake
[99279:13565241:0609/081110.558273:VERBOSE1:net/third_party/quiche/src/quiche/quic/core/tls_handshaker.cc:109] TlsClient: Continuing handshake
[99279:13565241:0609/081110.558284:VERBOSE1:net/third_party/quiche/src/quiche/quic/core/tls_handshaker.cc:109] TlsClient: Continuing handshake
[99279:13565241:0609/081110.558300:VERBOSE1:net/third_party/quiche/src/quiche/quic/core/tls_handshaker.cc:109] TlsClient: Continuing handshake
[99279:13565241:0609/081110.558507:VERBOSE1:net/third_party/quiche/src/quiche/quic/core/tls_handshaker.cc:109] TlsClient: Continuing handshake
[99279:13565241:0609/081110.558881:VERBOSE1:net/third_party/quiche/src/quiche/quic/core/tls_handshaker.cc:109] TlsClient: Continuing handshake
[99272:13565138:0609/081110.622562:VERBOSE1:components/update_client/request_sender.cc:188] Request completed from url: https://update.googleapis.com/service/update2/json?cup2key=16:7RsWzP9esU_m_4Sdv0Jr4tiArmqa0YlF6mdmONETrUk&cup2hreq=30bdaf91f9c18dda8e06901cff6860098e24218dedd71c1a6b1ada51e070c070
[99272:13565138:0609/081110.623999:VERBOSE1:chrome/browser/profiles/profile_manager.cc:1469] RemoveKeepAlive(Default, kExtensionUpdater). keep_alives=[]
[99272:13565138:0609/081110.624015:VERBOSE1:chrome/browser/profiles/profile_manager.cc:1520] Unloading profile Default
[99272:13565138:0609/081110.625793:VERBOSE1:chrome/browser/enterprise/reporting/saas_usage/saas_usage_report_scheduler_delegate_desktop.cc:68] SaaS usage reporting is disabled because the last reporting-enabled profile is being destroyed.
[99272:13565138:0609/081110.626876:VERBOSE1:chrome/browser/actor/aggregated_journal.cc:232] [ActorTool]: ActorKeyedService::Shutdown: 
[99272:13565138:0609/081110.626893:VERBOSE1:components/signin/core/browser/account_reconcilor.cc:217] AccountReconcilor::Shutdown
[99272:13565138:0609/081110.626938:VERBOSE1:components/signin/core/browser/account_reconcilor.cc:671] AccountReconcilor::AbortReconcile: try again later
[99272:13565138:0609/081110.626958:VERBOSE1:components/signin/core/browser/account_reconcilor.cc:783] AccountReconcilor::CalculateIfMultiloginReconcileIsDone: Error was 
[99272:13565138:0609/081110.626967:VERBOSE1:components/signin/core/browser/account_reconcilor.cc:267] AccountReconcilor::UnregisterWithIdentityManager
[99272:13565138:0609/081110.626973:VERBOSE1:components/signin/core/browser/account_reconcilor.cc:244] AccountReconcilor::UnregisterWithContentSettings
[99272:13565138:0609/081110.627519:VERBOSE1:components/signin/internal/identity_manager/mutable_profile_oauth2_token_service_delegate.cc:1030] MutablePO2TS::Shutdown
[99272:13565138:0609/081110.627530:VERBOSE1:components/signin/internal/identity_manager/mutable_profile_oauth2_token_service_delegate.cc:362] MutablePO2TS::~MutablePO2TS
[99272:13565138:0609/081110.629047:VERBOSE1:components/sync_user_events/user_event_sync_bridge.cc:77] UserEvents during destruction: 0
[99272:13565138:0609/081110.630456:VERBOSE1:components/signin/core/browser/account_reconcilor.cc:157] AccountReconcilor::~AccountReconcilor
[99272:13565138:0609/081110.630833:VERBOSE1:chrome/browser/security_events/security_event_sync_bridge_impl.cc:66] SecurityEvents during destruction: 0
[99272:13565138:0609/081110.630844:VERBOSE1:components/consent_auditor/consent_sync_bridge_impl.cc:77] UserConsents during destruction: 0
[99272:13565138:0609/081126.550838:VERBOSE1:chrome/updater/ipc/update_service_proxy_mojo.cc:245] GetAppStates
[99272:13565138:0609/081126.551176:VERBOSE1:chrome/updater/ipc/update_service_proxy_mojo.cc:439] EnsureConnecting
[99272:13565189:0609/081126.551899:VERBOSE1:mojo/public/cpp/platform/named_platform_channel_mac.cc:69] bootstrap_look_up com.google.GoogleUpdater.update: Unknown service name (1102)
[99272:13565189:0609/081126.551953:VERBOSE1:components/named_mojo_ipc_server/named_mojo_ipc_server_client_util.cc:47] mach_msg_send: (ipc/send) invalid destination port (0x10000003)
[99272:13565189:0609/081126.562477:VERBOSE1:mojo/public/cpp/platform/named_platform_channel_mac.cc:69] bootstrap_look_up com.google.GoogleUpdater.update: Unknown service name (1102)
[99272:13565189:0609/081126.562516:VERBOSE1:components/named_mojo_ipc_server/named_mojo_ipc_server_client_util.cc:47] mach_msg_send: (ipc/send) invalid destination port (0x10000003)
[99272:13565189:0609/081126.597280:VERBOSE1:mojo/public/cpp/platform/named_platform_channel_mac.cc:69] bootstrap_look_up com.google.GoogleUpdater.update: Unknown service name (1102)
[99272:13565189:0609/081126.597307:VERBOSE1:components/named_mojo_ipc_server/named_mojo_ipc_server_client_util.cc:47] mach_msg_send: (ipc/send) invalid destination port (0x10000003)
[99272:13565138:0609/081126.662586:VERBOSE1:chrome/updater/ipc/update_service_proxy_mojo.cc:395] OnConnected
[99272:13565138:0609/081126.665377:VERBOSE1:chrome/updater/ipc/update_service_proxy_mojo.cc:434] ~UpdateServiceProxyMojoImpl
